Archive member included to satisfy reference by file (symbol)

bsp_xsdk/2014.4/lib/libxil.a(xscugic.o)
                              obj/main.o (XScuGic_CfgInitialize)
bsp_xsdk/2014.4/lib/libxil.a(xscugic_intr.o)
                              obj/main.o (XScuGic_InterruptHandler)
bsp_xsdk/2014.4/lib/libxil.a(xscugic_sinit.o)
                              obj/main.o (XScuGic_LookupConfig)
bsp_xsdk/2014.4/lib/libxil.a(xscutimer.o)
                              obj/main.o (XScuTimer_CfgInitialize)
bsp_xsdk/2014.4/lib/libxil.a(xscutimer_sinit.o)
                              obj/main.o (XScuTimer_LookupConfig)
bsp_xsdk/2014.4/lib/libxil.a(asm_vectors.o)
                              (_vector_table)
bsp_xsdk/2014.4/lib/libxil.a(boot.o)
                              bsp_xsdk/2014.4/lib/libxil.a(asm_vectors.o) (_prestart)
bsp_xsdk/2014.4/lib/libxil.a(translation_table.o)
                              bsp_xsdk/2014.4/lib/libxil.a(boot.o) (MMUTable)
bsp_xsdk/2014.4/lib/libxil.a(usleep.o)
                              obj/main.o (usleep)
bsp_xsdk/2014.4/lib/libxil.a(vectors.o)
                              bsp_xsdk/2014.4/lib/libxil.a(asm_vectors.o) (FIQInterrupt)
bsp_xsdk/2014.4/lib/libxil.a(xil-crt0.o)
                              bsp_xsdk/2014.4/lib/libxil.a(boot.o) (_start)
bsp_xsdk/2014.4/lib/libxil.a(xil_assert.o)
                              bsp_xsdk/2014.4/lib/libxil.a(xscugic.o) (Xil_Assert)
bsp_xsdk/2014.4/lib/libxil.a(xil_cache.o)
                              obj/main.o (Xil_DCacheFlushRange)
bsp_xsdk/2014.4/lib/libxil.a(xil_exception.o)
                              obj/main.o (Xil_ExceptionInit)
bsp_xsdk/2014.4/lib/libxil.a(xil_io.o)
                              obj/main.o (Xil_In32)
bsp_xsdk/2014.4/lib/libxil.a(xil_mmu.o)
                              obj/main.o (Xil_SetTlbAttributes)
bsp_xsdk/2014.4/lib/libxil.a(xtime_l.o)
                              bsp_xsdk/2014.4/lib/libxil.a(xil-crt0.o) (XTime_SetTime)
bsp_xsdk/2014.4/lib/libxil.a(xscugic_g.o)
                              bsp_xsdk/2014.4/lib/libxil.a(xscugic_sinit.o) (XScuGic_ConfigTable)
bsp_xsdk/2014.4/lib/libxil.a(xscutimer_g.o)
                              bsp_xsdk/2014.4/lib/libxil.a(xscutimer_sinit.o) (XScuTimer_ConfigTable)
bsp_xsdk/2014.4/lib/libxil.a(cpu_init.o)
                              bsp_xsdk/2014.4/lib/libxil.a(xil-crt0.o) (__cpu_init)
/opt/Xilinx/SDK/2014.4/gnu/arm/lin/bin/../lib/gcc/arm-xilinx-eabi/4.8.3/../../../../arm-xilinx-eabi/lib/libc.a(lib_a-exit.o)
                              bsp_xsdk/2014.4/lib/libxil.a(xil-crt0.o) (exit)
/opt/Xilinx/SDK/2014.4/gnu/arm/lin/bin/../lib/gcc/arm-xilinx-eabi/4.8.3/../../../../arm-xilinx-eabi/lib/libc.a(lib_a-fini.o)
                              bsp_xsdk/2014.4/lib/libxil.a(xil-crt0.o) (__libc_fini_array)
/opt/Xilinx/SDK/2014.4/gnu/arm/lin/bin/../lib/gcc/arm-xilinx-eabi/4.8.3/../../../../arm-xilinx-eabi/lib/libc.a(lib_a-fprintf.o)
                              obj/main.o (fprintf)
/opt/Xilinx/SDK/2014.4/gnu/arm/lin/bin/../lib/gcc/arm-xilinx-eabi/4.8.3/../../../../arm-xilinx-eabi/lib/libc.a(lib_a-fwrite.o)
                              obj/remoteproc.o (fwrite)
/opt/Xilinx/SDK/2014.4/gnu/arm/lin/bin/../lib/gcc/arm-xilinx-eabi/4.8.3/../../../../arm-xilinx-eabi/lib/libc.a(lib_a-impure.o)
                              /opt/Xilinx/SDK/2014.4/gnu/arm/lin/bin/../lib/gcc/arm-xilinx-eabi/4.8.3/../../../../arm-xilinx-eabi/lib/libc.a(lib_a-exit.o) (_global_impure_ptr)
/opt/Xilinx/SDK/2014.4/gnu/arm/lin/bin/../lib/gcc/arm-xilinx-eabi/4.8.3/../../../../arm-xilinx-eabi/lib/libc.a(lib_a-init.o)
                              bsp_xsdk/2014.4/lib/libxil.a(xil-crt0.o) (__libc_init_array)
/opt/Xilinx/SDK/2014.4/gnu/arm/lin/bin/../lib/gcc/arm-xilinx-eabi/4.8.3/../../../../arm-xilinx-eabi/lib/libc.a(lib_a-memcpy.o)
                              obj/main.o (memcpy)
/opt/Xilinx/SDK/2014.4/gnu/arm/lin/bin/../lib/gcc/arm-xilinx-eabi/4.8.3/../../../../arm-xilinx-eabi/lib/libc.a(lib_a-memset.o)
                              obj/remoteproc.o (memset)
/opt/Xilinx/SDK/2014.4/gnu/arm/lin/bin/../lib/gcc/arm-xilinx-eabi/4.8.3/../../../../arm-xilinx-eabi/lib/libc.a(lib_a-printf.o)
                              obj/main.o (printf)
/opt/Xilinx/SDK/2014.4/gnu/arm/lin/bin/../lib/gcc/arm-xilinx-eabi/4.8.3/../../../../arm-xilinx-eabi/lib/libc.a(lib_a-puts.o)
                              obj/main.o (puts)
/opt/Xilinx/SDK/2014.4/gnu/arm/lin/bin/../lib/gcc/arm-xilinx-eabi/4.8.3/../../../../arm-xilinx-eabi/lib/libc.a(lib_a-strcmp.o)
                              obj/config.o (strcmp)
/opt/Xilinx/SDK/2014.4/gnu/arm/lin/bin/../lib/gcc/arm-xilinx-eabi/4.8.3/../../../../arm-xilinx-eabi/lib/libc.a(lib_a-strlen-armv7.o)
                              obj/config.o (strlen)
/opt/Xilinx/SDK/2014.4/gnu/arm/lin/bin/../lib/gcc/arm-xilinx-eabi/4.8.3/../../../../arm-xilinx-eabi/lib/libc.a(lib_a-strncpy.o)
                              obj/remoteproc.o (strncpy)
[...]
Memory Configuration

Name             Origin             Length             Attributes
ps7_ddr_0_S_AXI_BASEADDR 0x1c000000         0x04000000
*default*        0x00000000         0xffffffff

Linker script and memory map

LOAD /opt/Xilinx/SDK/2014.4/gnu/arm/lin/bin/../lib/gcc/arm-xilinx-eabi/4.8.3/crti.o
LOAD /opt/Xilinx/SDK/2014.4/gnu/arm/lin/bin/../lib/gcc/arm-xilinx-eabi/4.8.3/crtbegin.o
                0x00008000                TRACE_BUFFER_SIZE = 0x8000
LOAD obj/main.o
LOAD obj/remoteproc.o
LOAD obj/virtio_ring.o
LOAD obj/config.o
LOAD obj/config_vars.o
START GROUP
LOAD bsp_xsdk/2014.4/lib/libxil.a
LOAD /opt/Xilinx/SDK/2014.4/gnu/arm/lin/bin/../lib/gcc/arm-xilinx-eabi/4.8.3/../../../../arm-xilinx-eabi/lib/libc.a
LOAD /opt/Xilinx/SDK/2014.4/gnu/arm/lin/bin/../lib/gcc/arm-xilinx-eabi/4.8.3/libgcc.a
LOAD /opt/Xilinx/SDK/2014.4/gnu/arm/lin/bin/../lib/gcc/arm-xilinx-eabi/4.8.3/../../../../arm-xilinx-eabi/lib/libm.a
END GROUP
START GROUP
LOAD /opt/Xilinx/SDK/2014.4/gnu/arm/lin/bin/../lib/gcc/arm-xilinx-eabi/4.8.3/libgcc.a
LOAD /opt/Xilinx/SDK/2014.4/gnu/arm/lin/bin/../lib/gcc/arm-xilinx-eabi/4.8.3/../../../../arm-xilinx-eabi/lib/libc.a
END GROUP
LOAD /opt/Xilinx/SDK/2014.4/gnu/arm/lin/bin/../lib/gcc/arm-xilinx-eabi/4.8.3/crtend.o
LOAD /opt/Xilinx/SDK/2014.4/gnu/arm/lin/bin/../lib/gcc/arm-xilinx-eabi/4.8.3/crtn.o
                0x00100000                _STACK_SIZE = DEFINED (_STACK_SIZE)?_STACK_SIZE:0x100000
                0x00100000                _HEAP_SIZE = DEFINED (_HEAP_SIZE)?_HEAP_SIZE:0x100000
                0x00008000                TRACE_BUFFER_SIZE = DEFINED (TRACE_BUFFER_SIZE)?TRACE_BUFFER_SIZE:0x8000
                0x00000400                _ABORT_STACK_SIZE = DEFINED (_ABORT_STACK_SIZE)?_ABORT_STACK_SIZE:0x400
                0x00000800                _SUPERVISOR_STACK_SIZE = DEFINED (_SUPERVISOR_STACK_SIZE)?_SUPERVISOR_STACK_SIZE:0x800
                0x00100000                _IRQ_STACK_SIZE = DEFINED (_IRQ_STACK_SIZE)?_IRQ_STACK_SIZE:0x100000
                0x00100000                _FIQ_STACK_SIZE = DEFINED (_FIQ_STACK_SIZE)?_FIQ_STACK_SIZE:0x100000
                0x00000400                _UNDEF_STACK_SIZE = DEFINED (_UNDEF_STACK_SIZE)?_UNDEF_STACK_SIZE:0x400

.text           0x1c000000     0xe2b0
 *(.vectors)
 .vectors       0x1c000000       0xfc bsp_xsdk/2014.4/lib/libxil.a(asm_vectors.o)
                0x1c000000                _vector_table
                0x1c000020                IRQHandler
 *(.boot)
 .boot          0x1c0000fc      0x294 bsp_xsdk/2014.4/lib/libxil.a(boot.o)
                0x1c0000fc                _boot
                0x1c0000fc                _prestart
 *(.text)
 .text          0x1c000390        0x0 /opt/Xilinx/SDK/2014.4/gnu/arm/lin/bin/../lib/gcc/arm-xilinx-eabi/4.8.3/crti.o
 .text          0x1c000390      0x114 /opt/Xilinx/SDK/2014.4/gnu/arm/lin/bin/../lib/gcc/arm-xilinx-eabi/4.8.3/crtbegin.o
 .text          0x1c0004a4      0x908 obj/main.o
                0x1c0004a4                main
                0x1c00068c                mmu_init
                0x1c000738                irq_init
                0x1c0007f4                sys_timer_init
                0x1c000934                sys_timer_ISR
                0x1c0009c8                var_cb
                0x1c000a5c                outbyte
                0x1c000afc                _write
                0x1c000d2c                stdio_msg_handler
 .text          0x1c000dac      0x8d4 obj/remoteproc.o
                0x1c000dac                rpmsg_poll
                0x1c000df8                kick_linux
                0x1c000e18                txvring_irq
                0x1c000eac                rxvring_irq
                0x1c000f60                __send_message
                0x1c0010ac                block_send_message
                0x1c0010fc                read_message
                0x1c001300                rpmsg_create_ch
                0x1c0014d8                rpmsg_send
                0x1c001550                remoteproc_init
                0x1c001644                rpmsg_get_trace_buf_settings
 .text          0x1c001680      0x508 obj/virtio_ring.o
                0x1c001680                vring_init
                0x1c0017d8                vring_get_buf
                0x1c0018dc                vring_publish_buf
                0x1c001b3c                vring_available
 .text          0x1c001b88     0x1024 obj/config.o
                0x1c001b88                cfgInit
                0x1c001bb8                config_msg_handler
                0x1c0022e0                cfgGetValId
                0x1c0023b8                cfgGetValName
                0x1c0024a0                cfgGetName
                0x1c002554                cfgGetNameList
                0x1c0025c0                cfgGetStructId
                0x1c002690                cfgGetStructName
                0x1c002774                cfgSetId
                0x1c00281c                cfgSetInd
                0x1c002a40                cfgSetCallback
 .text          0x1c002bac        0x0 obj/config_vars.o
 .text          0x1c002bac      0x80c bsp_xsdk/2014.4/lib/libxil.a(xscugic.o)
                0x1c002bfc                XScuGic_CfgInitialize
                0x1c002cdc                XScuGic_Connect
                0x1c002db4                XScuGic_Disconnect
                0x1c002e8c                XScuGic_Enable
                0x1c002f48                XScuGic_Disable
                0x1c003004                XScuGic_SoftwareIntr
                0x1c0030f0                XScuGic_SetPriorityTriggerType
                0x1c003278                XScuGic_GetPriorityTriggerType
 .text          0x1c0033b8       0x94 bsp_xsdk/2014.4/lib/libxil.a(xscugic_intr.o)
                0x1c0033b8                XScuGic_InterruptHandler
 .text          0x1c00344c       0x1c bsp_xsdk/2014.4/lib/libxil.a(xscugic_sinit.o)
                0x1c00344c                XScuGic_LookupConfig
 .text          0x1c003468      0x314 bsp_xsdk/2014.4/lib/libxil.a(xscutimer.o)
                0x1c003468                XScuTimer_CfgInitialize
                0x1c003518                XScuTimer_Start
                0x1c0035b4                XScuTimer_Stop
                0x1c003648                XScuTimer_SetPrescaler
                0x1c0036f0                XScuTimer_GetPrescaler
 .text          0x1c00377c       0x1c bsp_xsdk/2014.4/lib/libxil.a(xscutimer_sinit.o)
                0x1c00377c                XScuTimer_LookupConfig
 .text          0x1c003798        0x0 bsp_xsdk/2014.4/lib/libxil.a(asm_vectors.o)
 .text          0x1c003798        0x0 bsp_xsdk/2014.4/lib/libxil.a(boot.o)
 .text          0x1c003798        0x0 bsp_xsdk/2014.4/lib/libxil.a(translation_table.o)
 .text          0x1c003798       0x44 bsp_xsdk/2014.4/lib/libxil.a(usleep.o)
                0x1c003798                usleep
 .text          0x1c0037dc       0x8c bsp_xsdk/2014.4/lib/libxil.a(vectors.o)
                0x1c0037dc                FIQInterrupt
                0x1c0037f8                IRQInterrupt
                0x1c003814                SWInterrupt
                0x1c003830                DataAbortInterrupt
                0x1c00384c                PrefetchAbortInterrupt
 .text          0x1c003868       0x78 bsp_xsdk/2014.4/lib/libxil.a(xil-crt0.o)
                0x1c00387c                _start
 .text          0x1c0038e0       0x48 bsp_xsdk/2014.4/lib/libxil.a(xil_assert.o)
                0x1c0038e0                Xil_Assert
                0x1c003914                Xil_AssertSetCallback
                0x1c003924                XNullHandler
 .text          0x1c003928      0x890 bsp_xsdk/2014.4/lib/libxil.a(xil_cache.o)
                0x1c003928                Xil_DCacheInvalidateLine
                0x1c003950                Xil_DCacheFlushLine
                0x1c003978                Xil_DCacheFlushRange
                0x1c0039bc                Xil_DCacheStoreLine
                0x1c0039e4                Xil_ICacheEnable
                0x1c003a00                Xil_ICacheDisable
                0x1c003a1c                Xil_ICacheInvalidate
                0x1c003a44                Xil_ICacheInvalidateLine
                0x1c003a6c                Xil_ICacheInvalidateRange
                0x1c003a94                Xil_L1DCacheInvalidate
                0x1c003b40                Xil_DCacheInvalidate
                0x1c003b5c                Xil_L1DCacheEnable
                0x1c003b7c                Xil_DCacheEnable
                0x1c003b80                Xil_L1DCacheInvalidateLine
                0x1c003b98                Xil_L1DCacheInvalidateRange
                0x1c003be0                Xil_L1DCacheFlush
                0x1c003c74                Xil_DCacheFlush
                0x1c003c90                Xil_L1DCacheDisable
                0x1c003ca8                Xil_DCacheDisable
                0x1c003cc0                Xil_L1DCacheFlushLine
                0x1c003cd8                Xil_L1DCacheFlushRange
                0x1c003d20                Xil_L1DCacheStoreLine
                0x1c003d38                Xil_L1ICacheEnable
                0x1c003d54                Xil_L1ICacheDisable
                0x1c003d70                Xil_L1ICacheInvalidate
                0x1c003d88                Xil_L1ICacheInvalidateLine
                0x1c003da0                Xil_L1ICacheInvalidateRange
                0x1c003de8                Xil_L2CacheInvalidate
                0x1c003e28                Xil_L2CacheEnable
                0x1c003ed8                Xil_L2CacheInvalidateLine
                0x1c003ef4                Xil_L2CacheInvalidateRange
                0x1c003f64                Xil_L2CacheFlush
                0x1c003fc8                Xil_L2CacheDisable
                0x1c004008                Xil_L2CacheFlushLine
                0x1c004038                Xil_DCacheInvalidateRange
                0x1c00411c                Xil_L2CacheFlushRange
                0x1c00419c                Xil_L2CacheStoreLine
 .text          0x1c0041b8       0x54 bsp_xsdk/2014.4/lib/libxil.a(xil_exception.o)
                0x1c0041bc                Xil_DataAbortHandler
                0x1c0041c4                Xil_PrefetchAbortHandler
                0x1c0041cc                Xil_ExceptionInit
                0x1c0041d0                Xil_ExceptionRegisterHandler
                0x1c0041e8                Xil_ExceptionRemoveHandler
 .text          0x1c00420c       0xc0 bsp_xsdk/2014.4/lib/libxil.a(xil_io.o)
                0x1c00420c                Xil_In8
                0x1c004214                Xil_In16
                0x1c00421c                Xil_In32
                0x1c004224                Xil_Out8
                0x1c00422c                Xil_Out16
                0x1c004234                Xil_Out32
                0x1c00423c                Xil_In16BE
                0x1c00424c                Xil_In32BE
                0x1c004270                Xil_Out16BE
                0x1c00427c                Xil_Out32BE
                0x1c0042a0                Xil_EndianSwap16
                0x1c0042ac                Xil_EndianSwap32
 .text          0x1c0042cc       0x80 bsp_xsdk/2014.4/lib/libxil.a(xil_mmu.o)
                0x1c0042cc                Xil_SetTlbAttributes
                0x1c004300                Xil_EnableMMU
                0x1c004324                Xil_DisableMMU
 .text          0x1c00434c       0xa0 bsp_xsdk/2014.4/lib/libxil.a(xtime_l.o)
                0x1c00434c                XTime_SetTime
                0x1c00439c                XTime_GetTime
 .text          0x1c0043ec        0x0 bsp_xsdk/2014.4/lib/libxil.a(xscugic_g.o)
 .text          0x1c0043ec        0x0 bsp_xsdk/2014.4/lib/libxil.a(xscutimer_g.o)
 .text          0x1c0043ec       0x40 bsp_xsdk/2014.4/lib/libxil.a(cpu_init.o)
                0x1c0043ec                __cpu_init
 .text          0x1c00442c       0x34 /opt/Xilinx/SDK/2014.4/gnu/arm/lin/bin/../lib/gcc/arm-xilinx-eabi/4.8.3/../../../../arm-xilinx-eabi/lib/libc.a(lib_a-exit.o)
                0x1c00442c                exit
 .text          0x1c004460       0x40 /opt/Xilinx/SDK/2014.4/gnu/arm/lin/bin/../lib/gcc/arm-xilinx-eabi/4.8.3/../../../../arm-xilinx-eabi/lib/libc.a(lib_a-fini.o)
                0x1c004460                __libc_fini_array
 .text          0x1c0044a0       0x6c /opt/Xilinx/SDK/2014.4/gnu/arm/lin/bin/../lib/gcc/arm-xilinx-eabi/4.8.3/../../../../arm-xilinx-eabi/lib/libc.a(lib_a-fprintf.o)
                0x1c0044a0                _fprintf_r
                0x1c0044cc                fprintf
 .text          0x1c00450c       0xdc /opt/Xilinx/SDK/2014.4/gnu/arm/lin/bin/../lib/gcc/arm-xilinx-eabi/4.8.3/../../../../arm-xilinx-eabi/lib/libc.a(lib_a-fwrite.o)
                0x1c00450c                _fwrite_r
                0x1c0045ac                fwrite
 .text          0x1c0045e8        0x0 /opt/Xilinx/SDK/2014.4/gnu/arm/lin/bin/../lib/gcc/arm-xilinx-eabi/4.8.3/../../../../arm-xilinx-eabi/lib/libc.a(lib_a-impure.o)
 .text          0x1c0045e8       0x7c /opt/Xilinx/SDK/2014.4/gnu/arm/lin/bin/../lib/gcc/arm-xilinx-eabi/4.8.3/../../../../arm-xilinx-eabi/lib/libc.a(lib_a-init.o)
                0x1c0045e8                __libc_init_array
 *fill*         0x1c004664       0x1c 
 .text          0x1c004680      0x500 /opt/Xilinx/SDK/2014.4/gnu/arm/lin/bin/../lib/gcc/arm-xilinx-eabi/4.8.3/../../../../arm-xilinx-eabi/lib/libc.a(lib_a-memcpy.o)
                0x1c004680                memcpy
 .text          0x1c004b80       0xf8 /opt/Xilinx/SDK/2014.4/gnu/arm/lin/bin/../lib/gcc/arm-xilinx-eabi/4.8.3/../../../../arm-xilinx-eabi/lib/libc.a(lib_a-memset.o)
                0x1c004b80                memset
 .text          0x1c004c78       0x74 /opt/Xilinx/SDK/2014.4/gnu/arm/lin/bin/../lib/gcc/arm-xilinx-eabi/4.8.3/../../../../arm-xilinx-eabi/lib/libc.a(lib_a-printf.o)
                0x1c004c78                _printf_r
                0x1c004cac                printf
 .text          0x1c004cec       0xa0 /opt/Xilinx/SDK/2014.4/gnu/arm/lin/bin/../lib/gcc/arm-xilinx-eabi/4.8.3/../../../../arm-xilinx-eabi/lib/libc.a(lib_a-puts.o)
                0x1c004cec                _puts_r
                0x1c004d78                puts
 .text          0x1c004d8c      0x280 /opt/Xilinx/SDK/2014.4/gnu/arm/lin/bin/../lib/gcc/arm-xilinx-eabi/4.8.3/../../../../arm-xilinx-eabi/lib/libc.a(lib_a-strcmp.o)
                0x1c004d8c                strcmp
 *fill*         0x1c00500c       0x34 
 .text          0x1c005040      0x100 /opt/Xilinx/SDK/2014.4/gnu/arm/lin/bin/../lib/gcc/arm-xilinx-eabi/4.8.3/../../../../arm-xilinx-eabi/lib/libc.a(lib_a-strlen-armv7.o)
                0x1c005040                strlen
 .text          0x1c005140       0xd4 /opt/Xilinx/SDK/2014.4/gnu/arm/lin/bin/../lib/gcc/arm-xilinx-eabi/4.8.3/../../../../arm-xilinx-eabi/lib/libc.a(lib_a-strncpy.o)
                0x1c005140                strncpy
 *fill*         0x1c005214        0x4 
 .text          0x1c005218     0x2058 /opt/Xilinx/SDK/2014.4/gnu/arm/lin/bin/../lib/gcc/arm-xilinx-eabi/4.8.3/../../../../arm-xilinx-eabi/lib/libc.a(lib_a-vfprintf.o)
                0x1c005218                _vfprintf_r
                0x1c007174                vfprintf
 .text          0x1c007270      0x15c /opt/Xilinx/SDK/2014.4/gnu/arm/lin/bin/../lib/gcc/arm-xilinx-eabi/4.8.3/../../../../arm-xilinx-eabi/lib/libc.a(lib_a-wsetup.o)
                0x1c007270                __swsetup_r
 .text          0x1c0073cc      0x168 /opt/Xilinx/SDK/2014.4/gnu/arm/lin/bin/../lib/gcc/arm-xilinx-eabi/4.8.3/../../../../arm-xilinx-eabi/lib/libc.a(lib_a-__call_atexit.o)
                0x1c0073cc                __call_exitprocs
 .text          0x1c007534       0x14 /opt/Xilinx/SDK/2014.4/gnu/arm/lin/bin/../lib/gcc/arm-xilinx-eabi/4.8.3/../../../../arm-xilinx-eabi/lib/libc.a(lib_a-atexit.o)
                0x1c007534                atexit
 .text          0x1c007548     0x1428 /opt/Xilinx/SDK/2014.4/gnu/arm/lin/bin/../lib/gcc/arm-xilinx-eabi/4.8.3/../../../../arm-xilinx-eabi/lib/libc.a(lib_a-dtoa.o)
                0x1c007714                _dtoa_r
 .text          0x1c008970      0x2c0 /opt/Xilinx/SDK/2014.4/gnu/arm/lin/bin/../lib/gcc/arm-xilinx-eabi/4.8.3/../../../../arm-xilinx-eabi/lib/libc.a(lib_a-fflush.o)
                0x1c008970                __sflush_r
                0x1c008bb0                _fflush_r
                0x1c008c00                fflush
 .text          0x1c008c30      0x310 /opt/Xilinx/SDK/2014.4/gnu/arm/lin/bin/../lib/gcc/arm-xilinx-eabi/4.8.3/../../../../arm-xilinx-eabi/lib/libc.a(lib_a-findfp.o)
                0x1c008c40                _cleanup_r
                0x1c008c4c                __sfmoreglue
                0x1c008c94                _cleanup
                0x1c008cac                __sinit
                0x1c008e10                __sfp
                0x1c008f00                __sfp_lock_acquire
                0x1c008f04                __sfp_lock_release
                0x1c008f08                __sinit_lock_acquire
                0x1c008f0c                __sinit_lock_release
                0x1c008f10                __fp_lock_all
                0x1c008f28                __fp_unlock_all
 .text          0x1c008f40      0x36c /opt/Xilinx/SDK/2014.4/gnu/arm/lin/bin/../lib/gcc/arm-xilinx-eabi/4.8.3/../../../../arm-xilinx-eabi/lib/libc.a(lib_a-freer.o)
                0x1c008f40                _malloc_trim_r
                0x1c00903c                _free_r
 .text          0x1c0092ac      0x4bc /opt/Xilinx/SDK/2014.4/gnu/arm/lin/bin/../lib/gcc/arm-xilinx-eabi/4.8.3/../../../../arm-xilinx-eabi/lib/libc.a(lib_a-fvwrite.o)
                0x1c0092ac                __sfvwrite_r
 .text          0x1c009768       0xf8 /opt/Xilinx/SDK/2014.4/gnu/arm/lin/bin/../lib/gcc/arm-xilinx-eabi/4.8.3/../../../../arm-xilinx-eabi/lib/libc.a(lib_a-fwalk.o)
                0x1c009768                _fwalk
                0x1c0097e0                _fwalk_reent
 .text          0x1c009860       0xd0 /opt/Xilinx/SDK/2014.4/gnu/arm/lin/bin/../lib/gcc/arm-xilinx-eabi/4.8.3/../../../../arm-xilinx-eabi/lib/libc.a(lib_a-locale.o)
                0x1c009860                _setlocale_r
                0x1c0098d0                __locale_charset
                0x1c0098dc                __locale_mb_cur_max
                0x1c0098ec                __locale_msgcharset
                0x1c0098f8                __locale_cjk_lang
                0x1c009900                _localeconv_r
                0x1c00990c                setlocale
                0x1c009924                localeconv
 .text          0x1c009930      0x170 /opt/Xilinx/SDK/2014.4/gnu/arm/lin/bin/../lib/gcc/arm-xilinx-eabi/4.8.3/../../../../arm-xilinx-eabi/lib/libc.a(lib_a-makebuf.o)
                0x1c009930                __smakebuf_r
 .text          0x1c009aa0      0x734 /opt/Xilinx/SDK/2014.4/gnu/arm/lin/bin/../lib/gcc/arm-xilinx-eabi/4.8.3/../../../../arm-xilinx-eabi/lib/libc.a(lib_a-mallocr.o)
                0x1c009aa0                _malloc_r
 *fill*         0x1c00a1d4        0xc 
 .text          0x1c00a1e0       0xa0 /opt/Xilinx/SDK/2014.4/gnu/arm/lin/bin/../lib/gcc/arm-xilinx-eabi/4.8.3/../../../../arm-xilinx-eabi/lib/libc.a(lib_a-memchr.o)
                0x1c00a1e0                memchr
 .text          0x1c00a280      0x134 /opt/Xilinx/SDK/2014.4/gnu/arm/lin/bin/../lib/gcc/arm-xilinx-eabi/4.8.3/../../../../arm-xilinx-eabi/lib/libc.a(lib_a-memmove.o)
                0x1c00a280                memmove
 .text          0x1c00a3b4        0x8 /opt/Xilinx/SDK/2014.4/gnu/arm/lin/bin/../lib/gcc/arm-xilinx-eabi/4.8.3/../../../../arm-xilinx-eabi/lib/libc.a(lib_a-mlock.o)
                0x1c00a3b4                __malloc_lock
                0x1c00a3b8                __malloc_unlock
 .text          0x1c00a3bc      0xcac /opt/Xilinx/SDK/2014.4/gnu/arm/lin/bin/../lib/gcc/arm-xilinx-eabi/4.8.3/../../../../arm-xilinx-eabi/lib/libc.a(lib_a-mprec.o)
                0x1c00a3bc                _Balloc
                0x1c00a448                _Bfree
                0x1c00a464                __multadd
                0x1c00a534                __s2b
                0x1c00a618                __hi0bits
                0x1c00a674                __lo0bits
                0x1c00a708                __i2b
                0x1c00a728                __multiply
                0x1c00a8f8                __pow5mult
                0x1c00a9f4                __lshift
                0x1c00ab04                __mcmp
                0x1c00ab64                __mdiff
                0x1c00aca4                __ulp
                0x1c00ad08                __b2d
                0x1c00adc0                __d2b
                0x1c00aec8                __ratio
                0x1c00af44                _mprec_log10
                0x1c00af7c                __copybits
                0x1c00afec                __any_on
 .text          0x1c00b068      0x554 /opt/Xilinx/SDK/2014.4/gnu/arm/lin/bin/../lib/gcc/arm-xilinx-eabi/4.8.3/../../../../arm-xilinx-eabi/lib/libc.a(lib_a-reallocr.o)
                0x1c00b068                _realloc_r
 .text          0x1c00b5bc       0x6c /opt/Xilinx/SDK/2014.4/gnu/arm/lin/bin/../lib/gcc/arm-xilinx-eabi/4.8.3/../../../../arm-xilinx-eabi/lib/libc.a(lib_a-s_fpclassify.o)
                0x1c00b5bc                __fpclassifyd
 .text          0x1c00b628       0x38 /opt/Xilinx/SDK/2014.4/gnu/arm/lin/bin/../lib/gcc/arm-xilinx-eabi/4.8.3/../../../../arm-xilinx-eabi/lib/libc.a(lib_a-sbrkr.o)
                0x1c00b628                _sbrk_r
 .text          0x1c00b660       0xc0 /opt/Xilinx/SDK/2014.4/gnu/arm/lin/bin/../lib/gcc/arm-xilinx-eabi/4.8.3/../../../../arm-xilinx-eabi/lib/libc.a(lib_a-stdio.o)
                0x1c00b660                __sread
                0x1c00b690                __seofread
                0x1c00b698                __swrite
                0x1c00b6ec                __sseek
                0x1c00b718                __sclose
 .text          0x1c00b720     0x1470 /opt/Xilinx/SDK/2014.4/gnu/arm/lin/bin/../lib/gcc/arm-xilinx-eabi/4.8.3/../../../../arm-xilinx-eabi/lib/libc.a(lib_a-vfiprintf.o)
                0x1c00b7c4                __sprint_r
                0x1c00b7e0                _vfiprintf_r
                0x1c00ca98                vfiprintf
 .text          0x1c00cb90       0x40 /opt/Xilinx/SDK/2014.4/gnu/arm/lin/bin/../lib/gcc/arm-xilinx-eabi/4.8.3/../../../../arm-xilinx-eabi/lib/libc.a(lib_a-writer.o)
                0x1c00cb90                _write_r
 .text          0x1c00cbd0       0xf0 /opt/Xilinx/SDK/2014.4/gnu/arm/lin/bin/../lib/gcc/arm-xilinx-eabi/4.8.3/../../../../arm-xilinx-eabi/lib/libc.a(lib_a-__atexit.o)
                0x1c00cbd0                __register_exitproc
 .text          0x1c00ccc0       0x94 /opt/Xilinx/SDK/2014.4/gnu/arm/lin/bin/../lib/gcc/arm-xilinx-eabi/4.8.3/../../../../arm-xilinx-eabi/lib/libc.a(lib_a-callocr.o)
                0x1c00ccc0                _calloc_r
 .text          0x1c00cd54       0x38 /opt/Xilinx/SDK/2014.4/gnu/arm/lin/bin/../lib/gcc/arm-xilinx-eabi/4.8.3/../../../../arm-xilinx-eabi/lib/libc.a(lib_a-closer.o)
                0x1c00cd54                _close_r
 .text          0x1c00cd8c       0xfc /opt/Xilinx/SDK/2014.4/gnu/arm/lin/bin/../lib/gcc/arm-xilinx-eabi/4.8.3/../../../../arm-xilinx-eabi/lib/libc.a(lib_a-fclose.o)
                0x1c00cd8c                _fclose_r
                0x1c00ce74                fclose
 .text          0x1c00ce88      0x18c /opt/Xilinx/SDK/2014.4/gnu/arm/lin/bin/../lib/gcc/arm-xilinx-eabi/4.8.3/../../../../arm-xilinx-eabi/lib/libc.a(lib_a-fputwc.o)
                0x1c00ce88                _fputwc_r
                0x1c00cfcc                fputwc
 .text          0x1c00d014       0x3c /opt/Xilinx/SDK/2014.4/gnu/arm/lin/bin/../lib/gcc/arm-xilinx-eabi/4.8.3/../../../../arm-xilinx-eabi/lib/libc.a(lib_a-fstatr.o)
                0x1c00d014                _fstat_r
 .text          0x1c00d050       0x38 /opt/Xilinx/SDK/2014.4/gnu/arm/lin/bin/../lib/gcc/arm-xilinx-eabi/4.8.3/../../../../arm-xilinx-eabi/lib/libc.a(lib_a-isattyr.o)
                0x1c00d050                _isatty_r
 .text          0x1c00d088       0x40 /opt/Xilinx/SDK/2014.4/gnu/arm/lin/bin/../lib/gcc/arm-xilinx-eabi/4.8.3/../../../../arm-xilinx-eabi/lib/libc.a(lib_a-lseekr.o)
                0x1c00d088                _lseek_r
 .text          0x1c00d0c8       0x40 /opt/Xilinx/SDK/2014.4/gnu/arm/lin/bin/../lib/gcc/arm-xilinx-eabi/4.8.3/../../../../arm-xilinx-eabi/lib/libc.a(lib_a-readr.o)
                0x1c00d0c8                _read_r
 .text          0x1c00d108      0x128 /opt/Xilinx/SDK/2014.4/gnu/arm/lin/bin/../lib/gcc/arm-xilinx-eabi/4.8.3/../../../../arm-xilinx-eabi/lib/libc.a(lib_a-reent.o)
                0x1c00d108                cleanup_glue
                0x1c00d134                _reclaim_reent
 .text          0x1c00d230      0x138 /opt/Xilinx/SDK/2014.4/gnu/arm/lin/bin/../lib/gcc/arm-xilinx-eabi/4.8.3/../../../../arm-xilinx-eabi/lib/libc.a(lib_a-wbuf.o)
                0x1c00d230                __swbuf_r
                0x1c00d350                __swbuf
 .text          0x1c00d368      0x118 /opt/Xilinx/SDK/2014.4/gnu/arm/lin/bin/../lib/gcc/arm-xilinx-eabi/4.8.3/../../../../arm-xilinx-eabi/lib/libc.a(lib_a-wcrtomb.o)
                0x1c00d368                _wcrtomb_r
                0x1c00d3f4                wcrtomb
 .text          0x1c00d480       0x78 /opt/Xilinx/SDK/2014.4/gnu/arm/lin/bin/../lib/gcc/arm-xilinx-eabi/4.8.3/../../../../arm-xilinx-eabi/lib/libc.a(lib_a-wctomb_r.o)
                0x1c00d480                __ascii_wctomb
                0x1c00d4b0                _wctomb_r
 .text          0x1c00d4f8      0x20c /opt/Xilinx/SDK/2014.4/gnu/arm/lin/bin/../lib/gcc/arm-xilinx-eabi/4.8.3/libgcc.a(_udivsi3.o)
                0x1c00d4f8                __udivsi3
                0x1c00d4f8                __aeabi_uidiv
                0x1c00d6e4                __aeabi_uidivmod
 .text          0x1c00d704        0x4 /opt/Xilinx/SDK/2014.4/gnu/arm/lin/bin/../lib/gcc/arm-xilinx-eabi/4.8.3/libgcc.a(_dvmd_tls.o)
                0x1c00d704                __aeabi_ldiv0
                0x1c00d704                __aeabi_idiv0
 .text          0x1c00d708       0x3c /opt/Xilinx/SDK/2014.4/gnu/arm/lin/bin/../lib/gcc/arm-xilinx-eabi/4.8.3/libgcc.a(_aeabi_uldivmod.o)
                0x1c00d708                __aeabi_uldivmod
 .text          0x1c00d744       0x78 /opt/Xilinx/SDK/2014.4/gnu/arm/lin/bin/../lib/gcc/arm-xilinx-eabi/4.8.3/libgcc.a(bpabi.o)
                0x1c00d744                __gnu_ldivmod_helper
                0x1c00d780                __gnu_uldivmod_helper
 .text          0x1c00d7bc      0x48c /opt/Xilinx/SDK/2014.4/gnu/arm/lin/bin/../lib/gcc/arm-xilinx-eabi/4.8.3/libgcc.a(_divdi3.o)
                0x1c00d7bc                __divdi3
 .text          0x1c00dc48      0x430 /opt/Xilinx/SDK/2014.4/gnu/arm/lin/bin/../lib/gcc/arm-xilinx-eabi/4.8.3/libgcc.a(_udivdi3.o)
                0x1c00dc48                __udivdi3
 .text          0x1c00e078        0x4 bsp_xsdk/2014.4/lib/libxil.a(_exit.o)
                0x1c00e078                _exit
 .text          0x1c00e07c       0x3c bsp_xsdk/2014.4/lib/libxil.a(_sbrk.o)
                0x1c00e07c                _sbrk
 .text          0x1c00e0b8        0x8 bsp_xsdk/2014.4/lib/libxil.a(close.o)
                0x1c00e0b8                _close
 .text          0x1c00e0c0       0x10 bsp_xsdk/2014.4/lib/libxil.a(fstat.o)
                0x1c00e0c0                _fstat
 .text          0x1c00e0d0       0x10 bsp_xsdk/2014.4/lib/libxil.a(isatty.o)
                0x1c00e0d0                isatty
                0x1c00e0d8                _isatty
 .text          0x1c00e0e0       0x30 bsp_xsdk/2014.4/lib/libxil.a(lseek.o)
                0x1c00e0e0                lseek
                0x1c00e0f8                _lseek
 .text          0x1c00e110       0x80 bsp_xsdk/2014.4/lib/libxil.a(read.o)
                0x1c00e110                read
                0x1c00e150                _read
 .text          0x1c00e190       0x10 bsp_xsdk/2014.4/lib/libxil.a(errno.o)
                0x1c00e190                __errno
 .text          0x1c00e1a0        0x8 bsp_xsdk/2014.4/lib/libxil.a(inbyte.o)
                0x1c00e1a0                inbyte
 .text          0x1c00e1a8       0xec bsp_xsdk/2014.4/lib/libxil.a(xuartps_hw.o)
                0x1c00e1a8                XUartPs_SendByte
                0x1c00e1d8                XUartPs_RecvByte
                0x1c00e204                XUartPs_ResetHw
 .text          0x1c00e294        0x0 /opt/Xilinx/SDK/2014.4/gnu/arm/lin/bin/../lib/gcc/arm-xilinx-eabi/4.8.3/crtend.o
 .text          0x1c00e294        0x0 /opt/Xilinx/SDK/2014.4/gnu/arm/lin/bin/../lib/gcc/arm-xilinx-eabi/4.8.3/crtn.o
 *(.text.*)
 .text.startup  0x1c00e294       0x1c /opt/Xilinx/SDK/2014.4/gnu/arm/lin/bin/../lib/gcc/arm-xilinx-eabi/4.8.3/../../../../arm-xilinx-eabi/lib/libc.a(lib_a-__call_atexit.o)
 *(.gnu.linkonce.t.*)
 *(.plt)
 *(.gnu_warning)
 *(.gcc_execpt_table)
 *(.glue_7)
 .glue_7        0x00000000        0x0 linker stubs
 *(.glue_7t)
 .glue_7t       0x00000000        0x0 linker stubs
 *(.vfp11_veneer)
 .vfp11_veneer  0x00000000        0x0 linker stubs
 *(.ARM.extab)
 .ARM.extab     0x1c00e2b0        0x0 /opt/Xilinx/SDK/2014.4/gnu/arm/lin/bin/../lib/gcc/arm-xilinx-eabi/4.8.3/libgcc.a(_divdi3.o)
 .ARM.extab     0x1c00e2b0        0x0 /opt/Xilinx/SDK/2014.4/gnu/arm/lin/bin/../lib/gcc/arm-xilinx-eabi/4.8.3/libgcc.a(_udivdi3.o)
 *(.gnu.linkonce.armextab.*)

.v4_bx          0x1c00e2b0        0x0
 .v4_bx         0x00000000        0x0 linker stubs

.iplt           0x1c00e2b0        0x0
 .iplt          0x00000000        0x0 /opt/Xilinx/SDK/2014.4/gnu/arm/lin/bin/../lib/gcc/arm-xilinx-eabi/4.8.3/crtbegin.o

.init           0x1c00e2b0       0x18
 *(.init)
 .init          0x1c00e2b0        0xc /opt/Xilinx/SDK/2014.4/gnu/arm/lin/bin/../lib/gcc/arm-xilinx-eabi/4.8.3/crti.o
                0x1c00e2b0                _init
 .init          0x1c00e2bc        0xc /opt/Xilinx/SDK/2014.4/gnu/arm/lin/bin/../lib/gcc/arm-xilinx-eabi/4.8.3/crtn.o

.fini           0x1c00e2c8       0x18
 *(.fini)
 .fini          0x1c00e2c8        0xc /opt/Xilinx/SDK/2014.4/gnu/arm/lin/bin/../lib/gcc/arm-xilinx-eabi/4.8.3/crti.o
                0x1c00e2c8                _fini
 .fini          0x1c00e2d4        0xc /opt/Xilinx/SDK/2014.4/gnu/arm/lin/bin/../lib/gcc/arm-xilinx-eabi/4.8.3/crtn.o

.rodata         0x1c00e2e0      0x6b8
                0x1c00e2e0                __rodata_start = .
 *(.rodata)
 .rodata        0x1c00e2e0      0x17c obj/main.o
                0x1c00e2e0                pLed
 .rodata        0x1c00e45c       0xd0 obj/remoteproc.o
 .rodata        0x1c00e52c      0x15c obj/virtio_ring.o
 .rodata        0x1c00e688        0xc obj/config.o
 .rodata        0x1c00e694      0x104 obj/config_vars.o
                0x1c00e794                n_vars
 .rodata        0x1c00e798        0x4 /opt/Xilinx/SDK/2014.4/gnu/arm/lin/bin/../lib/gcc/arm-xilinx-eabi/4.8.3/../../../../arm-xilinx-eabi/lib/libc.a(lib_a-impure.o)
                0x1c00e798                _global_impure_ptr
 .rodata        0x1c00e79c       0x20 /opt/Xilinx/SDK/2014.4/gnu/arm/lin/bin/../lib/gcc/arm-xilinx-eabi/4.8.3/../../../../arm-xilinx-eabi/lib/libc.a(lib_a-vfprintf.o)
 *fill*         0x1c00e7bc        0x4 
 .rodata        0x1c00e7c0      0x128 /opt/Xilinx/SDK/2014.4/gnu/arm/lin/bin/../lib/gcc/arm-xilinx-eabi/4.8.3/../../../../arm-xilinx-eabi/lib/libc.a(lib_a-mprec.o)
                0x1c00e7d0                __mprec_tens
                0x1c00e898                __mprec_tinytens
                0x1c00e8c0                __mprec_bigtens
 .rodata        0x1c00e8e8       0x20 /opt/Xilinx/SDK/2014.4/gnu/arm/lin/bin/../lib/gcc/arm-xilinx-eabi/4.8.3/../../../../arm-xilinx-eabi/lib/libc.a(lib_a-vfiprintf.o)
 *(.rodata.*)
 .rodata.str1.4
                0x1c00e908        0xa bsp_xsdk/2014.4/lib/libxil.a(xscugic.o)
                                  0xc (size before relaxing)
 *fill*         0x1c00e912        0x2 
 .rodata.str1.4
                0x1c00e914        0xf bsp_xsdk/2014.4/lib/libxil.a(xscugic_intr.o)
                                 0x10 (size before relaxing)
 *fill*         0x1c00e923        0x1 
 .rodata.str1.4
                0x1c00e924        0xc bsp_xsdk/2014.4/lib/libxil.a(xscutimer.o)
 .rodata.str1.4
                0x1c00e930        0x2 /opt/Xilinx/SDK/2014.4/gnu/arm/lin/bin/../lib/gcc/arm-xilinx-eabi/4.8.3/../../../../arm-xilinx-eabi/lib/libc.a(lib_a-impure.o)
                                  0x4 (size before relaxing)
 *fill*         0x1c00e932        0x2 
 .rodata.str1.4
                0x1c00e934        0x2 /opt/Xilinx/SDK/2014.4/gnu/arm/lin/bin/../lib/gcc/arm-xilinx-eabi/4.8.3/../../../../arm-xilinx-eabi/lib/libc.a(lib_a-puts.o)
                                  0x4 (size before relaxing)
 *fill*         0x1c00e936        0x2 
 .rodata.str1.4
                0x1c00e938       0x42 /opt/Xilinx/SDK/2014.4/gnu/arm/lin/bin/../lib/gcc/arm-xilinx-eabi/4.8.3/../../../../arm-xilinx-eabi/lib/libc.a(lib_a-vfprintf.o)
                                 0x44 (size before relaxing)
 *fill*         0x1c00e97a        0x2 
 .rodata.str1.4
                0x1c00e97c       0x10 /opt/Xilinx/SDK/2014.4/gnu/arm/lin/bin/../lib/gcc/arm-xilinx-eabi/4.8.3/../../../../arm-xilinx-eabi/lib/libc.a(lib_a-dtoa.o)
                                 0x14 (size before relaxing)
 .rodata.str1.4
                0x1c00e98c        0xc /opt/Xilinx/SDK/2014.4/gnu/arm/lin/bin/../lib/gcc/arm-xilinx-eabi/4.8.3/../../../../arm-xilinx-eabi/lib/libc.a(lib_a-locale.o)
                                 0x14 (size before relaxing)
 .rodata.str1.4
                0x00000000       0x30 /opt/Xilinx/SDK/2014.4/gnu/arm/lin/bin/../lib/gcc/arm-xilinx-eabi/4.8.3/../../../../arm-xilinx-eabi/lib/libc.a(lib_a-vfiprintf.o)
 *(.gnu.linkonce.r.*)
                0x1c00e998                __rodata_end = .

.rel.dyn        0x1c00e998        0x0
 .rel.iplt      0x00000000        0x0 /opt/Xilinx/SDK/2014.4/gnu/arm/lin/bin/../lib/gcc/arm-xilinx-eabi/4.8.3/crtbegin.o

.rodata1        0x1c00e998        0x0
                0x1c00e998                __rodata1_start = .
 *(.rodata1)
 *(.rodata1.*)
                0x1c00e998                __rodata1_end = .

.sdata2         0x1c00e998        0x0
                0x1c00e998                __sdata2_start = .
 *(.sdata2)
 *(.sdata2.*)
 *(.gnu.linkonce.s2.*)
                0x1c00e998                __sdata2_end = .

.sbss2          0x1c00e998        0x0
                0x1c00e998                __sbss2_start = .
 *(.sbss2)
 *(.sbss2.*)
 *(.gnu.linkonce.sb2.*)
                0x1c00e998                __sbss2_end = .

.data           0x1c00e998      0xd2c
                0x1c00e998                __data_start = .
 *(.data)
 .data          0x1c00e998        0x0 /opt/Xilinx/SDK/2014.4/gnu/arm/lin/bin/../lib/gcc/arm-xilinx-eabi/4.8.3/crti.o
 .data          0x1c00e998        0x4 /opt/Xilinx/SDK/2014.4/gnu/arm/lin/bin/../lib/gcc/arm-xilinx-eabi/4.8.3/crtbegin.o
                0x1c00e998                __dso_handle
 .data          0x1c00e99c        0x0 obj/main.o
 .data          0x1c00e99c        0x4 obj/remoteproc.o
                0x1c00e99c                next_rpmsg_addr
 .data          0x1c00e9a0        0x0 obj/virtio_ring.o
 .data          0x1c00e9a0        0x0 obj/config.o
 .data          0x1c00e9a0      0x118 obj/config_vars.o
                0x1c00e9a0                vars
 .data          0x1c00eab8        0x0 bsp_xsdk/2014.4/lib/libxil.a(xscugic.o)
 .data          0x1c00eab8        0x0 bsp_xsdk/2014.4/lib/libxil.a(xscugic_intr.o)
 .data          0x1c00eab8        0x0 bsp_xsdk/2014.4/lib/libxil.a(xscugic_sinit.o)
 .data          0x1c00eab8        0x0 bsp_xsdk/2014.4/lib/libxil.a(xscutimer.o)
 .data          0x1c00eab8        0x0 bsp_xsdk/2014.4/lib/libxil.a(xscutimer_sinit.o)
 .data          0x1c00eab8        0x0 bsp_xsdk/2014.4/lib/libxil.a(asm_vectors.o)
 .data          0x1c00eab8        0x0 bsp_xsdk/2014.4/lib/libxil.a(boot.o)
 .data          0x1c00eab8        0x0 bsp_xsdk/2014.4/lib/libxil.a(translation_table.o)
 .data          0x1c00eab8        0x0 bsp_xsdk/2014.4/lib/libxil.a(usleep.o)
 .data          0x1c00eab8        0x0 bsp_xsdk/2014.4/lib/libxil.a(vectors.o)
 .data          0x1c00eab8        0x0 bsp_xsdk/2014.4/lib/libxil.a(xil-crt0.o)
 .data          0x1c00eab8        0x4 bsp_xsdk/2014.4/lib/libxil.a(xil_assert.o)
                0x1c00eab8                Xil_AssertWait
 .data          0x1c00eabc        0x0 bsp_xsdk/2014.4/lib/libxil.a(xil_cache.o)
 .data          0x1c00eabc       0x38 bsp_xsdk/2014.4/lib/libxil.a(xil_exception.o)
                0x1c00eabc                XExc_VectorTable
 .data          0x1c00eaf4        0x0 bsp_xsdk/2014.4/lib/libxil.a(xil_io.o)
 .data          0x1c00eaf4        0x0 bsp_xsdk/2014.4/lib/libxil.a(xil_mmu.o)
 .data          0x1c00eaf4        0x0 bsp_xsdk/2014.4/lib/libxil.a(xtime_l.o)
 .data          0x1c00eaf4      0x304 bsp_xsdk/2014.4/lib/libxil.a(xscugic_g.o)
                0x1c00eaf4                XScuGic_ConfigTable
 .data          0x1c00edf8        0x8 bsp_xsdk/2014.4/lib/libxil.a(xscutimer_g.o)
                0x1c00edf8                XScuTimer_ConfigTable
 .data          0x1c00ee00        0x0 bsp_xsdk/2014.4/lib/libxil.a(cpu_init.o)
 .data          0x1c00ee00        0x0 /opt/Xilinx/SDK/2014.4/gnu/arm/lin/bin/../lib/gcc/arm-xilinx-eabi/4.8.3/../../../../arm-xilinx-eabi/lib/libc.a(lib_a-exit.o)
 .data          0x1c00ee00        0x0 /opt/Xilinx/SDK/2014.4/gnu/arm/lin/bin/../lib/gcc/arm-xilinx-eabi/4.8.3/../../../../arm-xilinx-eabi/lib/libc.a(lib_a-fini.o)
 .data          0x1c00ee00        0x0 /opt/Xilinx/SDK/2014.4/gnu/arm/lin/bin/../lib/gcc/arm-xilinx-eabi/4.8.3/../../../../arm-xilinx-eabi/lib/libc.a(lib_a-fprintf.o)
 .data          0x1c00ee00        0x0 /opt/Xilinx/SDK/2014.4/gnu/arm/lin/bin/../lib/gcc/arm-xilinx-eabi/4.8.3/../../../../arm-xilinx-eabi/lib/libc.a(lib_a-fwrite.o)
 .data          0x1c00ee00      0x430 /opt/Xilinx/SDK/2014.4/gnu/arm/lin/bin/../lib/gcc/arm-xilinx-eabi/4.8.3/../../../../arm-xilinx-eabi/lib/libc.a(lib_a-impure.o)
                0x1c00ee00                _impure_ptr
 .data          0x1c00f230        0x0 /opt/Xilinx/SDK/2014.4/gnu/arm/lin/bin/../lib/gcc/arm-xilinx-eabi/4.8.3/../../../../arm-xilinx-eabi/lib/libc.a(lib_a-init.o)
 .data          0x1c00f230        0x0 /opt/Xilinx/SDK/2014.4/gnu/arm/lin/bin/../lib/gcc/arm-xilinx-eabi/4.8.3/../../../../arm-xilinx-eabi/lib/libc.a(lib_a-memcpy.o)
 .data          0x1c00f230        0x0 /opt/Xilinx/SDK/2014.4/gnu/arm/lin/bin/../lib/gcc/arm-xilinx-eabi/4.8.3/../../../../arm-xilinx-eabi/lib/libc.a(lib_a-memset.o)
 .data          0x1c00f230        0x0 /opt/Xilinx/SDK/2014.4/gnu/arm/lin/bin/../lib/gcc/arm-xilinx-eabi/4.8.3/../../../../arm-xilinx-eabi/lib/libc.a(lib_a-printf.o)
 .data          0x1c00f230        0x0 /opt/Xilinx/SDK/2014.4/gnu/arm/lin/bin/../lib/gcc/arm-xilinx-eabi/4.8.3/../../../../arm-xilinx-eabi/lib/libc.a(lib_a-puts.o)
 .data          0x1c00f230        0x0 /opt/Xilinx/SDK/2014.4/gnu/arm/lin/bin/../lib/gcc/arm-xilinx-eabi/4.8.3/../../../../arm-xilinx-eabi/lib/libc.a(lib_a-strcmp.o)
 .data          0x1c00f230        0x0 /opt/Xilinx/SDK/2014.4/gnu/arm/lin/bin/../lib/gcc/arm-xilinx-eabi/4.8.3/../../../../arm-xilinx-eabi/lib/libc.a(lib_a-strlen-armv7.o)
 .data          0x1c00f230        0x0 /opt/Xilinx/SDK/2014.4/gnu/arm/lin/bin/../lib/gcc/arm-xilinx-eabi/4.8.3/../../../../arm-xilinx-eabi/lib/libc.a(lib_a-strncpy.o)
 .data          0x1c00f230        0x0 /opt/Xilinx/SDK/2014.4/gnu/arm/lin/bin/../lib/gcc/arm-xilinx-eabi/4.8.3/../../../../arm-xilinx-eabi/lib/libc.a(lib_a-vfprintf.o)
 .data          0x1c00f230        0x0 /opt/Xilinx/SDK/2014.4/gnu/arm/lin/bin/../lib/gcc/arm-xilinx-eabi/4.8.3/../../../../arm-xilinx-eabi/lib/libc.a(lib_a-wsetup.o)
 .data          0x1c00f230        0x0 /opt/Xilinx/SDK/2014.4/gnu/arm/lin/bin/../lib/gcc/arm-xilinx-eabi/4.8.3/../../../../arm-xilinx-eabi/lib/libc.a(lib_a-__call_atexit.o)
 .data          0x1c00f230        0x0 /opt/Xilinx/SDK/2014.4/gnu/arm/lin/bin/../lib/gcc/arm-xilinx-eabi/4.8.3/../../../../arm-xilinx-eabi/lib/libc.a(lib_a-atexit.o)
 .data          0x1c00f230        0x0 /opt/Xilinx/SDK/2014.4/gnu/arm/lin/bin/../lib/gcc/arm-xilinx-eabi/4.8.3/../../../../arm-xilinx-eabi/lib/libc.a(lib_a-dtoa.o)
 .data          0x1c00f230        0x0 /opt/Xilinx/SDK/2014.4/gnu/arm/lin/bin/../lib/gcc/arm-xilinx-eabi/4.8.3/../../../../arm-xilinx-eabi/lib/libc.a(lib_a-fflush.o)
 .data          0x1c00f230        0x0 /opt/Xilinx/SDK/2014.4/gnu/arm/lin/bin/../lib/gcc/arm-xilinx-eabi/4.8.3/../../../../arm-xilinx-eabi/lib/libc.a(lib_a-findfp.o)
 .data          0x1c00f230        0x0 /opt/Xilinx/SDK/2014.4/gnu/arm/lin/bin/../lib/gcc/arm-xilinx-eabi/4.8.3/../../../../arm-xilinx-eabi/lib/libc.a(lib_a-freer.o)
 .data          0x1c00f230        0x0 /opt/Xilinx/SDK/2014.4/gnu/arm/lin/bin/../lib/gcc/arm-xilinx-eabi/4.8.3/../../../../arm-xilinx-eabi/lib/libc.a(lib_a-fvwrite.o)
 .data          0x1c00f230        0x0 /opt/Xilinx/SDK/2014.4/gnu/arm/lin/bin/../lib/gcc/arm-xilinx-eabi/4.8.3/../../../../arm-xilinx-eabi/lib/libc.a(lib_a-fwalk.o)
 .data          0x1c00f230       0x7c /opt/Xilinx/SDK/2014.4/gnu/arm/lin/bin/../lib/gcc/arm-xilinx-eabi/4.8.3/../../../../arm-xilinx-eabi/lib/libc.a(lib_a-locale.o)
                0x1c00f250                __mb_cur_max
 .data          0x1c00f2ac        0x0 /opt/Xilinx/SDK/2014.4/gnu/arm/lin/bin/../lib/gcc/arm-xilinx-eabi/4.8.3/../../../../arm-xilinx-eabi/lib/libc.a(lib_a-makebuf.o)
 .data          0x1c00f2ac      0x410 /opt/Xilinx/SDK/2014.4/gnu/arm/lin/bin/../lib/gcc/arm-xilinx-eabi/4.8.3/../../../../arm-xilinx-eabi/lib/libc.a(lib_a-mallocr.o)
                0x1c00f2ac                __malloc_av_
                0x1c00f6b4                __malloc_sbrk_base
                0x1c00f6b8                __malloc_trim_threshold
 .data          0x1c00f6bc        0x0 /opt/Xilinx/SDK/2014.4/gnu/arm/lin/bin/../lib/gcc/arm-xilinx-eabi/4.8.3/../../../../arm-xilinx-eabi/lib/libc.a(lib_a-memchr.o)
 .data          0x1c00f6bc        0x0 /opt/Xilinx/SDK/2014.4/gnu/arm/lin/bin/../lib/gcc/arm-xilinx-eabi/4.8.3/../../../../arm-xilinx-eabi/lib/libc.a(lib_a-memmove.o)
 .data          0x1c00f6bc        0x0 /opt/Xilinx/SDK/2014.4/gnu/arm/lin/bin/../lib/gcc/arm-xilinx-eabi/4.8.3/../../../../arm-xilinx-eabi/lib/libc.a(lib_a-mlock.o)
 .data          0x1c00f6bc        0x0 /opt/Xilinx/SDK/2014.4/gnu/arm/lin/bin/../lib/gcc/arm-xilinx-eabi/4.8.3/../../../../arm-xilinx-eabi/lib/libc.a(lib_a-mprec.o)
 .data          0x1c00f6bc        0x0 /opt/Xilinx/SDK/2014.4/gnu/arm/lin/bin/../lib/gcc/arm-xilinx-eabi/4.8.3/../../../../arm-xilinx-eabi/lib/libc.a(lib_a-reallocr.o)
 .data          0x1c00f6bc        0x0 /opt/Xilinx/SDK/2014.4/gnu/arm/lin/bin/../lib/gcc/arm-xilinx-eabi/4.8.3/../../../../arm-xilinx-eabi/lib/libc.a(lib_a-s_fpclassify.o)
 .data          0x1c00f6bc        0x0 /opt/Xilinx/SDK/2014.4/gnu/arm/lin/bin/../lib/gcc/arm-xilinx-eabi/4.8.3/../../../../arm-xilinx-eabi/lib/libc.a(lib_a-sbrkr.o)
 .data          0x1c00f6bc        0x0 /opt/Xilinx/SDK/2014.4/gnu/arm/lin/bin/../lib/gcc/arm-xilinx-eabi/4.8.3/../../../../arm-xilinx-eabi/lib/libc.a(lib_a-stdio.o)
 .data          0x1c00f6bc        0x0 /opt/Xilinx/SDK/2014.4/gnu/arm/lin/bin/../lib/gcc/arm-xilinx-eabi/4.8.3/../../../../arm-xilinx-eabi/lib/libc.a(lib_a-vfiprintf.o)
 .data          0x1c00f6bc        0x0 /opt/Xilinx/SDK/2014.4/gnu/arm/lin/bin/../lib/gcc/arm-xilinx-eabi/4.8.3/../../../../arm-xilinx-eabi/lib/libc.a(lib_a-writer.o)
 .data          0x1c00f6bc        0x0 /opt/Xilinx/SDK/2014.4/gnu/arm/lin/bin/../lib/gcc/arm-xilinx-eabi/4.8.3/../../../../arm-xilinx-eabi/lib/libc.a(lib_a-__atexit.o)
 .data          0x1c00f6bc        0x0 /opt/Xilinx/SDK/2014.4/gnu/arm/lin/bin/../lib/gcc/arm-xilinx-eabi/4.8.3/../../../../arm-xilinx-eabi/lib/libc.a(lib_a-callocr.o)
 .data          0x1c00f6bc        0x0 /opt/Xilinx/SDK/2014.4/gnu/arm/lin/bin/../lib/gcc/arm-xilinx-eabi/4.8.3/../../../../arm-xilinx-eabi/lib/libc.a(lib_a-closer.o)
 .data          0x1c00f6bc        0x0 /opt/Xilinx/SDK/2014.4/gnu/arm/lin/bin/../lib/gcc/arm-xilinx-eabi/4.8.3/../../../../arm-xilinx-eabi/lib/libc.a(lib_a-fclose.o)
 .data          0x1c00f6bc        0x0 /opt/Xilinx/SDK/2014.4/gnu/arm/lin/bin/../lib/gcc/arm-xilinx-eabi/4.8.3/../../../../arm-xilinx-eabi/lib/libc.a(lib_a-fputwc.o)
 .data          0x1c00f6bc        0x0 /opt/Xilinx/SDK/2014.4/gnu/arm/lin/bin/../lib/gcc/arm-xilinx-eabi/4.8.3/../../../../arm-xilinx-eabi/lib/libc.a(lib_a-fstatr.o)
 .data          0x1c00f6bc        0x0 /opt/Xilinx/SDK/2014.4/gnu/arm/lin/bin/../lib/gcc/arm-xilinx-eabi/4.8.3/../../../../arm-xilinx-eabi/lib/libc.a(lib_a-isattyr.o)
 .data          0x1c00f6bc        0x0 /opt/Xilinx/SDK/2014.4/gnu/arm/lin/bin/../lib/gcc/arm-xilinx-eabi/4.8.3/../../../../arm-xilinx-eabi/lib/libc.a(lib_a-lseekr.o)
 .data          0x1c00f6bc        0x0 /opt/Xilinx/SDK/2014.4/gnu/arm/lin/bin/../lib/gcc/arm-xilinx-eabi/4.8.3/../../../../arm-xilinx-eabi/lib/libc.a(lib_a-readr.o)
 .data          0x1c00f6bc        0x0 /opt/Xilinx/SDK/2014.4/gnu/arm/lin/bin/../lib/gcc/arm-xilinx-eabi/4.8.3/../../../../arm-xilinx-eabi/lib/libc.a(lib_a-reent.o)
 .data          0x1c00f6bc        0x0 /opt/Xilinx/SDK/2014.4/gnu/arm/lin/bin/../lib/gcc/arm-xilinx-eabi/4.8.3/../../../../arm-xilinx-eabi/lib/libc.a(lib_a-wbuf.o)
 .data          0x1c00f6bc        0x0 /opt/Xilinx/SDK/2014.4/gnu/arm/lin/bin/../lib/gcc/arm-xilinx-eabi/4.8.3/../../../../arm-xilinx-eabi/lib/libc.a(lib_a-wcrtomb.o)
 .data          0x1c00f6bc        0x4 /opt/Xilinx/SDK/2014.4/gnu/arm/lin/bin/../lib/gcc/arm-xilinx-eabi/4.8.3/../../../../arm-xilinx-eabi/lib/libc.a(lib_a-wctomb_r.o)
                0x1c00f6bc                __wctomb
 .data          0x1c00f6c0        0x0 /opt/Xilinx/SDK/2014.4/gnu/arm/lin/bin/../lib/gcc/arm-xilinx-eabi/4.8.3/libgcc.a(_udivsi3.o)
 .data          0x1c00f6c0        0x0 /opt/Xilinx/SDK/2014.4/gnu/arm/lin/bin/../lib/gcc/arm-xilinx-eabi/4.8.3/libgcc.a(_dvmd_tls.o)
 .data          0x1c00f6c0        0x0 /opt/Xilinx/SDK/2014.4/gnu/arm/lin/bin/../lib/gcc/arm-xilinx-eabi/4.8.3/libgcc.a(_aeabi_uldivmod.o)
 .data          0x1c00f6c0        0x0 /opt/Xilinx/SDK/2014.4/gnu/arm/lin/bin/../lib/gcc/arm-xilinx-eabi/4.8.3/libgcc.a(bpabi.o)
 .data          0x1c00f6c0        0x0 /opt/Xilinx/SDK/2014.4/gnu/arm/lin/bin/../lib/gcc/arm-xilinx-eabi/4.8.3/libgcc.a(_divdi3.o)
 .data          0x1c00f6c0        0x0 /opt/Xilinx/SDK/2014.4/gnu/arm/lin/bin/../lib/gcc/arm-xilinx-eabi/4.8.3/libgcc.a(_udivdi3.o)
 .data          0x1c00f6c0        0x0 bsp_xsdk/2014.4/lib/libxil.a(_exit.o)
 .data          0x1c00f6c0        0x0 bsp_xsdk/2014.4/lib/libxil.a(_sbrk.o)
 .data          0x1c00f6c0        0x0 bsp_xsdk/2014.4/lib/libxil.a(close.o)
 .data          0x1c00f6c0        0x0 bsp_xsdk/2014.4/lib/libxil.a(fstat.o)
 .data          0x1c00f6c0        0x0 bsp_xsdk/2014.4/lib/libxil.a(isatty.o)
 .data          0x1c00f6c0        0x0 bsp_xsdk/2014.4/lib/libxil.a(lseek.o)
 .data          0x1c00f6c0        0x0 bsp_xsdk/2014.4/lib/libxil.a(read.o)
 .data          0x1c00f6c0        0x0 bsp_xsdk/2014.4/lib/libxil.a(errno.o)
 .data          0x1c00f6c0        0x0 bsp_xsdk/2014.4/lib/libxil.a(inbyte.o)
 .data          0x1c00f6c0        0x0 bsp_xsdk/2014.4/lib/libxil.a(xuartps_hw.o)
 .data          0x1c00f6c0        0x0 /opt/Xilinx/SDK/2014.4/gnu/arm/lin/bin/../lib/gcc/arm-xilinx-eabi/4.8.3/crtend.o
 .data          0x1c00f6c0        0x0 /opt/Xilinx/SDK/2014.4/gnu/arm/lin/bin/../lib/gcc/arm-xilinx-eabi/4.8.3/crtn.o
 *(.data.*)
 *(.gnu.linkonce.d.*)
 *(.jcr)
 .jcr           0x1c00f6c0        0x0 /opt/Xilinx/SDK/2014.4/gnu/arm/lin/bin/../lib/gcc/arm-xilinx-eabi/4.8.3/crtbegin.o
 .jcr           0x1c00f6c0        0x4 /opt/Xilinx/SDK/2014.4/gnu/arm/lin/bin/../lib/gcc/arm-xilinx-eabi/4.8.3/crtend.o
 *(.got)
 *(.got.plt)
                0x1c00f6c4                __data_end = .

.tm_clone_table
                0x1c00f6c4        0x0
 .tm_clone_table
                0x1c00f6c4        0x0 /opt/Xilinx/SDK/2014.4/gnu/arm/lin/bin/../lib/gcc/arm-xilinx-eabi/4.8.3/crtbegin.o
 .tm_clone_table
                0x1c00f6c4        0x0 /opt/Xilinx/SDK/2014.4/gnu/arm/lin/bin/../lib/gcc/arm-xilinx-eabi/4.8.3/crtend.o

.resource_table
                0x1c00f6c4      0x18c
 .resource_table
                0x1c00f6c4      0x18c obj/remoteproc.o
                0x1c00f6c4                resources

.got2           0x1c00f850        0x0
 .got2          0x1c00f850        0x0 bsp_xsdk/2014.4/lib/libxil.a(xil-crt0.o)

.data1          0x1c00f850        0x0
                0x1c00f850                __data1_start = .
 *(.data1)
 *(.data1.*)
                0x1c00f850                __data1_end = .

.got            0x1c00f850        0x0
 *(.got.plt)
 *(.igot.plt)
 .igot.plt      0x00000000        0x0 /opt/Xilinx/SDK/2014.4/gnu/arm/lin/bin/../lib/gcc/arm-xilinx-eabi/4.8.3/crtbegin.o
 *(.got)
 *(.igot)

.rel.plt
 *(.rel.plt)

.ctors          0x1c00f850        0x0
                0x1c00f850                __CTOR_LIST__ = .
                0x1c00f850                ___CTORS_LIST___ = .
 *crtbegin.o(.ctors)
 *(EXCLUDE_FILE(*crtend.o) .ctors)
 *(SORT(.ctors.*))
 *(.ctors)
                0x1c00f850                __CTOR_END__ = .
                0x1c00f850                ___CTORS_END___ = .

.dtors          0x1c00f850        0x0
                0x1c00f850                __DTOR_LIST__ = .
                0x1c00f850                ___DTORS_LIST___ = .
 *crtbegin.o(.dtors)
 *(EXCLUDE_FILE(*crtend.o) .dtors)
 *(SORT(.dtors.*))
 *(.dtors)
                0x1c00f850                __DTOR_END__ = .
                0x1c00f850                ___DTORS_END___ = .

.fixup          0x1c00f850        0x0
                0x1c00f850                __fixup_start = .
 *(.fixup)
                0x1c00f850                __fixup_end = .

.eh_frame       0x1c00f850        0x4
 *(.eh_frame)
 .eh_frame      0x1c00f850        0x0 /opt/Xilinx/SDK/2014.4/gnu/arm/lin/bin/../lib/gcc/arm-xilinx-eabi/4.8.3/crtbegin.o
 .eh_frame      0x1c00f850        0x4 /opt/Xilinx/SDK/2014.4/gnu/arm/lin/bin/../lib/gcc/arm-xilinx-eabi/4.8.3/crtend.o

.eh_framehdr    0x1c00f854        0x0
                0x1c00f854                __eh_framehdr_start = .
 *(.eh_framehdr)
                0x1c00f854                __eh_framehdr_end = .

.gcc_except_table
 *(.gcc_except_table)

.mmu_tbl        0x1c010000     0x4000
                0x1c010000                __mmu_tbl_start = .
 *(.mmu_tbl)
 .mmu_tbl       0x1c010000     0x4000 bsp_xsdk/2014.4/lib/libxil.a(translation_table.o)
                0x1c010000                MMUTable
                0x1c014000                __mmu_tbl_end = .

.ARM.exidx      0x1c014000        0x8
                0x1c014000                __exidx_start = .
 *(.ARM.exidx*)
 .ARM.exidx     0x1c014000        0x8 /opt/Xilinx/SDK/2014.4/gnu/arm/lin/bin/../lib/gcc/arm-xilinx-eabi/4.8.3/libgcc.a(_divdi3.o)
 .ARM.exidx     0x1c014008        0x0 /opt/Xilinx/SDK/2014.4/gnu/arm/lin/bin/../lib/gcc/arm-xilinx-eabi/4.8.3/libgcc.a(_udivdi3.o)
                                  0x8 (size before relaxing)
 *(.gnu.linkonce.armexidix.*.*)
                0x1c014008                __exidx_end = .

.preinit_array  0x1c014008        0x0
                0x1c014008                __preinit_array_start = .
 *(SORT(.preinit_array.*))
 *(.preinit_array)
                0x1c014008                __preinit_array_end = .

.init_array     0x1c014008        0x8
                0x1c014008                __init_array_start = .
 *(SORT(.init_array.*))
 .init_array.00000
                0x1c014008        0x4 /opt/Xilinx/SDK/2014.4/gnu/arm/lin/bin/../lib/gcc/arm-xilinx-eabi/4.8.3/../../../../arm-xilinx-eabi/lib/libc.a(lib_a-__call_atexit.o)
 *(.init_array)
 .init_array    0x1c01400c        0x4 /opt/Xilinx/SDK/2014.4/gnu/arm/lin/bin/../lib/gcc/arm-xilinx-eabi/4.8.3/crtbegin.o
                0x1c014010                __init_array_end = .

.fini_array     0x1c014010        0x4
                0x1c014010                __fini_array_start = .
 *(SORT(.fini_array.*))
 *(.fini_array)
 .fini_array    0x1c014010        0x4 /opt/Xilinx/SDK/2014.4/gnu/arm/lin/bin/../lib/gcc/arm-xilinx-eabi/4.8.3/crtbegin.o
                0x1c014014                __fini_array_end = .

.ARM.attributes
                0x1c014014       0x33
                0x1c014014                __ARM.attributes_start = .
 *(.ARM.attributes)
 .ARM.attributes
                0x1c014014       0x25 /opt/Xilinx/SDK/2014.4/gnu/arm/lin/bin/../lib/gcc/arm-xilinx-eabi/4.8.3/crti.o
 .ARM.attributes
                0x1c014039       0x37 /opt/Xilinx/SDK/2014.4/gnu/arm/lin/bin/../lib/gcc/arm-xilinx-eabi/4.8.3/crtbegin.o
 .ARM.attributes
                0x1c014070       0x37 obj/main.o
 .ARM.attributes
                0x1c0140a7       0x37 obj/remoteproc.o
 .ARM.attributes
                0x1c0140de       0x37 obj/virtio_ring.o
 .ARM.attributes
                0x1c014115       0x37 obj/config.o
 .ARM.attributes
                0x1c01414c       0x37 obj/config_vars.o
 .ARM.attributes
                0x1c014183       0x37 bsp_xsdk/2014.4/lib/libxil.a(xscugic.o)
 .ARM.attributes
                0x1c0141ba       0x37 bsp_xsdk/2014.4/lib/libxil.a(xscugic_intr.o)
 .ARM.attributes
                0x1c0141f1       0x37 bsp_xsdk/2014.4/lib/libxil.a(xscugic_sinit.o)
 .ARM.attributes
                0x1c014228       0x37 bsp_xsdk/2014.4/lib/libxil.a(xscutimer.o)
 .ARM.attributes
                0x1c01425f       0x37 bsp_xsdk/2014.4/lib/libxil.a(xscutimer_sinit.o)
 .ARM.attributes
                0x1c014296       0x21 bsp_xsdk/2014.4/lib/libxil.a(asm_vectors.o)
 .ARM.attributes
                0x1c0142b7       0x21 bsp_xsdk/2014.4/lib/libxil.a(boot.o)
 .ARM.attributes
                0x1c0142d8       0x21 bsp_xsdk/2014.4/lib/libxil.a(translation_table.o)
 .ARM.attributes
                0x1c0142f9       0x2f bsp_xsdk/2014.4/lib/libxil.a(usleep.o)
 .ARM.attributes
                0x1c014328       0x2f bsp_xsdk/2014.4/lib/libxil.a(vectors.o)
 .ARM.attributes
                0x1c014357       0x21 bsp_xsdk/2014.4/lib/libxil.a(xil-crt0.o)
 .ARM.attributes
                0x1c014378       0x2f bsp_xsdk/2014.4/lib/libxil.a(xil_assert.o)
 .ARM.attributes
                0x1c0143a7       0x2f bsp_xsdk/2014.4/lib/libxil.a(xil_cache.o)
 .ARM.attributes
                0x1c0143d6       0x2f bsp_xsdk/2014.4/lib/libxil.a(xil_exception.o)
 .ARM.attributes
                0x1c014405       0x2f bsp_xsdk/2014.4/lib/libxil.a(xil_io.o)
 .ARM.attributes
                0x1c014434       0x2f bsp_xsdk/2014.4/lib/libxil.a(xil_mmu.o)
 .ARM.attributes
                0x1c014463       0x2f bsp_xsdk/2014.4/lib/libxil.a(xtime_l.o)
 .ARM.attributes
                0x1c014492       0x37 bsp_xsdk/2014.4/lib/libxil.a(xscugic_g.o)
 .ARM.attributes
                0x1c0144c9       0x37 bsp_xsdk/2014.4/lib/libxil.a(xscutimer_g.o)
 .ARM.attributes
                0x1c014500       0x21 bsp_xsdk/2014.4/lib/libxil.a(cpu_init.o)
 .ARM.attributes
                0x1c014521       0x37 /opt/Xilinx/SDK/2014.4/gnu/arm/lin/bin/../lib/gcc/arm-xilinx-eabi/4.8.3/../../../../arm-xilinx-eabi/lib/libc.a(lib_a-exit.o)
 .ARM.attributes
                0x1c014558       0x37 /opt/Xilinx/SDK/2014.4/gnu/arm/lin/bin/../lib/gcc/arm-xilinx-eabi/4.8.3/../../../../arm-xilinx-eabi/lib/libc.a(lib_a-fini.o)
 .ARM.attributes
                0x1c01458f       0x37 /opt/Xilinx/SDK/2014.4/gnu/arm/lin/bin/../lib/gcc/arm-xilinx-eabi/4.8.3/../../../../arm-xilinx-eabi/lib/libc.a(lib_a-fprintf.o)
 .ARM.attributes
                0x1c0145c6       0x37 /opt/Xilinx/SDK/2014.4/gnu/arm/lin/bin/../lib/gcc/arm-xilinx-eabi/4.8.3/../../../../arm-xilinx-eabi/lib/libc.a(lib_a-fwrite.o)
 .ARM.attributes
                0x1c0145fd       0x37 /opt/Xilinx/SDK/2014.4/gnu/arm/lin/bin/../lib/gcc/arm-xilinx-eabi/4.8.3/../../../../arm-xilinx-eabi/lib/libc.a(lib_a-impure.o)
 .ARM.attributes
                0x1c014634       0x37 /opt/Xilinx/SDK/2014.4/gnu/arm/lin/bin/../lib/gcc/arm-xilinx-eabi/4.8.3/../../../../arm-xilinx-eabi/lib/libc.a(lib_a-init.o)
 .ARM.attributes
                0x1c01466b       0x21 /opt/Xilinx/SDK/2014.4/gnu/arm/lin/bin/../lib/gcc/arm-xilinx-eabi/4.8.3/../../../../arm-xilinx-eabi/lib/libc.a(lib_a-memcpy.o)
 .ARM.attributes
                0x1c01468c       0x37 /opt/Xilinx/SDK/2014.4/gnu/arm/lin/bin/../lib/gcc/arm-xilinx-eabi/4.8.3/../../../../arm-xilinx-eabi/lib/libc.a(lib_a-memset.o)
 .ARM.attributes
                0x1c0146c3       0x37 /opt/Xilinx/SDK/2014.4/gnu/arm/lin/bin/../lib/gcc/arm-xilinx-eabi/4.8.3/../../../../arm-xilinx-eabi/lib/libc.a(lib_a-printf.o)
 .ARM.attributes
                0x1c0146fa       0x37 /opt/Xilinx/SDK/2014.4/gnu/arm/lin/bin/../lib/gcc/arm-xilinx-eabi/4.8.3/../../../../arm-xilinx-eabi/lib/libc.a(lib_a-puts.o)
 .ARM.attributes
                0x1c014731       0x23 /opt/Xilinx/SDK/2014.4/gnu/arm/lin/bin/../lib/gcc/arm-xilinx-eabi/4.8.3/../../../../arm-xilinx-eabi/lib/libc.a(lib_a-strcmp.o)
 .ARM.attributes
                0x1c014754       0x23 /opt/Xilinx/SDK/2014.4/gnu/arm/lin/bin/../lib/gcc/arm-xilinx-eabi/4.8.3/../../../../arm-xilinx-eabi/lib/libc.a(lib_a-strlen-armv7.o)
 .ARM.attributes
                0x1c014777       0x37 /opt/Xilinx/SDK/2014.4/gnu/arm/lin/bin/../lib/gcc/arm-xilinx-eabi/4.8.3/../../../../arm-xilinx-eabi/lib/libc.a(lib_a-strncpy.o)
 .ARM.attributes
                0x1c0147ae       0x37 /opt/Xilinx/SDK/2014.4/gnu/arm/lin/bin/../lib/gcc/arm-xilinx-eabi/4.8.3/../../../../arm-xilinx-eabi/lib/libc.a(lib_a-vfprintf.o)
 .ARM.attributes
                0x1c0147e5       0x37 /opt/Xilinx/SDK/2014.4/gnu/arm/lin/bin/../lib/gcc/arm-xilinx-eabi/4.8.3/../../../../arm-xilinx-eabi/lib/libc.a(lib_a-wsetup.o)
 .ARM.attributes
                0x1c01481c       0x37 /opt/Xilinx/SDK/2014.4/gnu/arm/lin/bin/../lib/gcc/arm-xilinx-eabi/4.8.3/../../../../arm-xilinx-eabi/lib/libc.a(lib_a-__call_atexit.o)
 .ARM.attributes
                0x1c014853       0x37 /opt/Xilinx/SDK/2014.4/gnu/arm/lin/bin/../lib/gcc/arm-xilinx-eabi/4.8.3/../../../../arm-xilinx-eabi/lib/libc.a(lib_a-atexit.o)
 .ARM.attributes
                0x1c01488a       0x37 /opt/Xilinx/SDK/2014.4/gnu/arm/lin/bin/../lib/gcc/arm-xilinx-eabi/4.8.3/../../../../arm-xilinx-eabi/lib/libc.a(lib_a-dtoa.o)
 .ARM.attributes
                0x1c0148c1       0x37 /opt/Xilinx/SDK/2014.4/gnu/arm/lin/bin/../lib/gcc/arm-xilinx-eabi/4.8.3/../../../../arm-xilinx-eabi/lib/libc.a(lib_a-fflush.o)
 .ARM.attributes
                0x1c0148f8       0x37 /opt/Xilinx/SDK/2014.4/gnu/arm/lin/bin/../lib/gcc/arm-xilinx-eabi/4.8.3/../../../../arm-xilinx-eabi/lib/libc.a(lib_a-findfp.o)
 .ARM.attributes
                0x1c01492f       0x37 /opt/Xilinx/SDK/2014.4/gnu/arm/lin/bin/../lib/gcc/arm-xilinx-eabi/4.8.3/../../../../arm-xilinx-eabi/lib/libc.a(lib_a-freer.o)
 .ARM.attributes
                0x1c014966       0x37 /opt/Xilinx/SDK/2014.4/gnu/arm/lin/bin/../lib/gcc/arm-xilinx-eabi/4.8.3/../../../../arm-xilinx-eabi/lib/libc.a(lib_a-fvwrite.o)
 .ARM.attributes
                0x1c01499d       0x37 /opt/Xilinx/SDK/2014.4/gnu/arm/lin/bin/../lib/gcc/arm-xilinx-eabi/4.8.3/../../../../arm-xilinx-eabi/lib/libc.a(lib_a-fwalk.o)
 .ARM.attributes
                0x1c0149d4       0x37 /opt/Xilinx/SDK/2014.4/gnu/arm/lin/bin/../lib/gcc/arm-xilinx-eabi/4.8.3/../../../../arm-xilinx-eabi/lib/libc.a(lib_a-locale.o)
 .ARM.attributes
                0x1c014a0b       0x37 /opt/Xilinx/SDK/2014.4/gnu/arm/lin/bin/../lib/gcc/arm-xilinx-eabi/4.8.3/../../../../arm-xilinx-eabi/lib/libc.a(lib_a-makebuf.o)
 .ARM.attributes
                0x1c014a42       0x37 /opt/Xilinx/SDK/2014.4/gnu/arm/lin/bin/../lib/gcc/arm-xilinx-eabi/4.8.3/../../../../arm-xilinx-eabi/lib/libc.a(lib_a-mallocr.o)
 .ARM.attributes
                0x1c014a79       0x23 /opt/Xilinx/SDK/2014.4/gnu/arm/lin/bin/../lib/gcc/arm-xilinx-eabi/4.8.3/../../../../arm-xilinx-eabi/lib/libc.a(lib_a-memchr.o)
 .ARM.attributes
                0x1c014a9c       0x37 /opt/Xilinx/SDK/2014.4/gnu/arm/lin/bin/../lib/gcc/arm-xilinx-eabi/4.8.3/../../../../arm-xilinx-eabi/lib/libc.a(lib_a-memmove.o)
 .ARM.attributes
                0x1c014ad3       0x37 /opt/Xilinx/SDK/2014.4/gnu/arm/lin/bin/../lib/gcc/arm-xilinx-eabi/4.8.3/../../../../arm-xilinx-eabi/lib/libc.a(lib_a-mlock.o)
 .ARM.attributes
                0x1c014b0a       0x37 /opt/Xilinx/SDK/2014.4/gnu/arm/lin/bin/../lib/gcc/arm-xilinx-eabi/4.8.3/../../../../arm-xilinx-eabi/lib/libc.a(lib_a-mprec.o)
 .ARM.attributes
                0x1c014b41       0x37 /opt/Xilinx/SDK/2014.4/gnu/arm/lin/bin/../lib/gcc/arm-xilinx-eabi/4.8.3/../../../../arm-xilinx-eabi/lib/libc.a(lib_a-reallocr.o)
 .ARM.attributes
                0x1c014b78       0x37 /opt/Xilinx/SDK/2014.4/gnu/arm/lin/bin/../lib/gcc/arm-xilinx-eabi/4.8.3/../../../../arm-xilinx-eabi/lib/libc.a(lib_a-s_fpclassify.o)
 .ARM.attributes
                0x1c014baf       0x37 /opt/Xilinx/SDK/2014.4/gnu/arm/lin/bin/../lib/gcc/arm-xilinx-eabi/4.8.3/../../../../arm-xilinx-eabi/lib/libc.a(lib_a-sbrkr.o)
 .ARM.attributes
                0x1c014be6       0x37 /opt/Xilinx/SDK/2014.4/gnu/arm/lin/bin/../lib/gcc/arm-xilinx-eabi/4.8.3/../../../../arm-xilinx-eabi/lib/libc.a(lib_a-stdio.o)
 .ARM.attributes
                0x1c014c1d       0x37 /opt/Xilinx/SDK/2014.4/gnu/arm/lin/bin/../lib/gcc/arm-xilinx-eabi/4.8.3/../../../../arm-xilinx-eabi/lib/libc.a(lib_a-vfiprintf.o)
 .ARM.attributes
                0x1c014c54       0x37 /opt/Xilinx/SDK/2014.4/gnu/arm/lin/bin/../lib/gcc/arm-xilinx-eabi/4.8.3/../../../../arm-xilinx-eabi/lib/libc.a(lib_a-writer.o)
 .ARM.attributes
                0x1c014c8b       0x37 /opt/Xilinx/SDK/2014.4/gnu/arm/lin/bin/../lib/gcc/arm-xilinx-eabi/4.8.3/../../../../arm-xilinx-eabi/lib/libc.a(lib_a-__atexit.o)
 .ARM.attributes
                0x1c014cc2       0x37 /opt/Xilinx/SDK/2014.4/gnu/arm/lin/bin/../lib/gcc/arm-xilinx-eabi/4.8.3/../../../../arm-xilinx-eabi/lib/libc.a(lib_a-callocr.o)
 .ARM.attributes
                0x1c014cf9       0x37 /opt/Xilinx/SDK/2014.4/gnu/arm/lin/bin/../lib/gcc/arm-xilinx-eabi/4.8.3/../../../../arm-xilinx-eabi/lib/libc.a(lib_a-closer.o)
 .ARM.attributes
                0x1c014d30       0x37 /opt/Xilinx/SDK/2014.4/gnu/arm/lin/bin/../lib/gcc/arm-xilinx-eabi/4.8.3/../../../../arm-xilinx-eabi/lib/libc.a(lib_a-fclose.o)
 .ARM.attributes
                0x1c014d67       0x37 /opt/Xilinx/SDK/2014.4/gnu/arm/lin/bin/../lib/gcc/arm-xilinx-eabi/4.8.3/../../../../arm-xilinx-eabi/lib/libc.a(lib_a-fputwc.o)
 .ARM.attributes
                0x1c014d9e       0x37 /opt/Xilinx/SDK/2014.4/gnu/arm/lin/bin/../lib/gcc/arm-xilinx-eabi/4.8.3/../../../../arm-xilinx-eabi/lib/libc.a(lib_a-fstatr.o)
 .ARM.attributes
                0x1c014dd5       0x37 /opt/Xilinx/SDK/2014.4/gnu/arm/lin/bin/../lib/gcc/arm-xilinx-eabi/4.8.3/../../../../arm-xilinx-eabi/lib/libc.a(lib_a-isattyr.o)
 .ARM.attributes
                0x1c014e0c       0x37 /opt/Xilinx/SDK/2014.4/gnu/arm/lin/bin/../lib/gcc/arm-xilinx-eabi/4.8.3/../../../../arm-xilinx-eabi/lib/libc.a(lib_a-lseekr.o)
 .ARM.attributes
                0x1c014e43       0x37 /opt/Xilinx/SDK/2014.4/gnu/arm/lin/bin/../lib/gcc/arm-xilinx-eabi/4.8.3/../../../../arm-xilinx-eabi/lib/libc.a(lib_a-readr.o)
 .ARM.attributes
                0x1c014e7a       0x37 /opt/Xilinx/SDK/2014.4/gnu/arm/lin/bin/../lib/gcc/arm-xilinx-eabi/4.8.3/../../../../arm-xilinx-eabi/lib/libc.a(lib_a-reent.o)
 .ARM.attributes
                0x1c014eb1       0x37 /opt/Xilinx/SDK/2014.4/gnu/arm/lin/bin/../lib/gcc/arm-xilinx-eabi/4.8.3/../../../../arm-xilinx-eabi/lib/libc.a(lib_a-wbuf.o)
 .ARM.attributes
                0x1c014ee8       0x37 /opt/Xilinx/SDK/2014.4/gnu/arm/lin/bin/../lib/gcc/arm-xilinx-eabi/4.8.3/../../../../arm-xilinx-eabi/lib/libc.a(lib_a-wcrtomb.o)
 .ARM.attributes
                0x1c014f1f       0x37 /opt/Xilinx/SDK/2014.4/gnu/arm/lin/bin/../lib/gcc/arm-xilinx-eabi/4.8.3/../../../../arm-xilinx-eabi/lib/libc.a(lib_a-wctomb_r.o)
 .ARM.attributes
                0x1c014f56       0x25 /opt/Xilinx/SDK/2014.4/gnu/arm/lin/bin/../lib/gcc/arm-xilinx-eabi/4.8.3/libgcc.a(_udivsi3.o)
 .ARM.attributes
                0x1c014f7b       0x25 /opt/Xilinx/SDK/2014.4/gnu/arm/lin/bin/../lib/gcc/arm-xilinx-eabi/4.8.3/libgcc.a(_dvmd_tls.o)
 .ARM.attributes
                0x1c014fa0       0x25 /opt/Xilinx/SDK/2014.4/gnu/arm/lin/bin/../lib/gcc/arm-xilinx-eabi/4.8.3/libgcc.a(_aeabi_uldivmod.o)
 .ARM.attributes
                0x1c014fc5       0x37 /opt/Xilinx/SDK/2014.4/gnu/arm/lin/bin/../lib/gcc/arm-xilinx-eabi/4.8.3/libgcc.a(bpabi.o)
 .ARM.attributes
                0x1c014ffc       0x37 /opt/Xilinx/SDK/2014.4/gnu/arm/lin/bin/../lib/gcc/arm-xilinx-eabi/4.8.3/libgcc.a(_divdi3.o)
 .ARM.attributes
                0x1c015033       0x37 /opt/Xilinx/SDK/2014.4/gnu/arm/lin/bin/../lib/gcc/arm-xilinx-eabi/4.8.3/libgcc.a(_udivdi3.o)
 .ARM.attributes
                0x1c01506a       0x2f bsp_xsdk/2014.4/lib/libxil.a(_exit.o)
 .ARM.attributes
                0x1c015099       0x2f bsp_xsdk/2014.4/lib/libxil.a(_sbrk.o)
 .ARM.attributes
                0x1c0150c8       0x2f bsp_xsdk/2014.4/lib/libxil.a(close.o)
 .ARM.attributes
                0x1c0150f7       0x2f bsp_xsdk/2014.4/lib/libxil.a(fstat.o)
 .ARM.attributes
                0x1c015126       0x2f bsp_xsdk/2014.4/lib/libxil.a(isatty.o)
 .ARM.attributes
                0x1c015155       0x2f bsp_xsdk/2014.4/lib/libxil.a(lseek.o)
 .ARM.attributes
                0x1c015184       0x2f bsp_xsdk/2014.4/lib/libxil.a(read.o)
 .ARM.attributes
                0x1c0151b3       0x2f bsp_xsdk/2014.4/lib/libxil.a(errno.o)
 .ARM.attributes
                0x1c0151e2       0x2f bsp_xsdk/2014.4/lib/libxil.a(inbyte.o)
 .ARM.attributes
                0x1c015211       0x37 bsp_xsdk/2014.4/lib/libxil.a(xuartps_hw.o)
 .ARM.attributes
                0x1c015248       0x37 /opt/Xilinx/SDK/2014.4/gnu/arm/lin/bin/../lib/gcc/arm-xilinx-eabi/4.8.3/crtend.o
 .ARM.attributes
                0x1c01527f       0x25 /opt/Xilinx/SDK/2014.4/gnu/arm/lin/bin/../lib/gcc/arm-xilinx-eabi/4.8.3/crtn.o
                0x1c0152a4                __ARM.attributes_end = .

.sdata          0x1c014014        0x0
                0x1c014014                __sdata_start = .
 *(.sdata)
 *(.sdata.*)
 *(.gnu.linkonce.s.*)
                0x1c014014                __sdata_end = .

.sbss           0x1c014014        0x0
                0x1c014014                __sbss_start = .
 *(.sbss)
 *(.sbss.*)
 *(.gnu.linkonce.sb.*)
                0x1c014014                __sbss_end = .

.tdata          0x1c014014        0x0
                0x1c014014                __tdata_start = .
 *(.tdata)
 *(.tdata.*)
 *(.gnu.linkonce.td.*)
                0x1c014014                __tdata_end = .

.tbss           0x1c014014        0x0
                0x1c014014                __tbss_start = .
 *(.tbss)
 *(.tbss.*)
 *(.gnu.linkonce.tb.*)
                0x1c014014                __tbss_end = .

.bss            0x1c014014      0x5bc
                0x1c014014                __bss_start = .
 *(.bss)
 .bss           0x1c014014        0x0 /opt/Xilinx/SDK/2014.4/gnu/arm/lin/bin/../lib/gcc/arm-xilinx-eabi/4.8.3/crti.o
 .bss           0x1c014014       0x1c /opt/Xilinx/SDK/2014.4/gnu/arm/lin/bin/../lib/gcc/arm-xilinx-eabi/4.8.3/crtbegin.o
 .bss           0x1c014030      0x210 obj/main.o
                0x1c014030                rpmsg_stdio
                0x1c014038                sys_tick
 .bss           0x1c014240      0x130 obj/remoteproc.o
                0x1c014240                channels
                0x1c014330                txvring_kicks
                0x1c014334                rxvring_kicks
 .bss           0x1c014370        0x0 obj/virtio_ring.o
 .bss           0x1c014370        0x4 obj/config.o
                0x1c014370                rpmsg_config
 .bss           0x1c014374        0x0 obj/config_vars.o
 .bss           0x1c014374        0x0 bsp_xsdk/2014.4/lib/libxil.a(xscugic.o)
 .bss           0x1c014374        0x0 bsp_xsdk/2014.4/lib/libxil.a(xscugic_intr.o)
 .bss           0x1c014374        0x0 bsp_xsdk/2014.4/lib/libxil.a(xscugic_sinit.o)
 .bss           0x1c014374        0x0 bsp_xsdk/2014.4/lib/libxil.a(xscutimer.o)
 .bss           0x1c014374        0x0 bsp_xsdk/2014.4/lib/libxil.a(xscutimer_sinit.o)
 .bss           0x1c014374        0x0 bsp_xsdk/2014.4/lib/libxil.a(asm_vectors.o)
 .bss           0x1c014374        0x0 bsp_xsdk/2014.4/lib/libxil.a(boot.o)
 .bss           0x1c014374        0x0 bsp_xsdk/2014.4/lib/libxil.a(translation_table.o)
 .bss           0x1c014374        0x0 bsp_xsdk/2014.4/lib/libxil.a(usleep.o)
 .bss           0x1c014374        0x0 bsp_xsdk/2014.4/lib/libxil.a(vectors.o)
 .bss           0x1c014374        0x0 bsp_xsdk/2014.4/lib/libxil.a(xil-crt0.o)
 .bss           0x1c014374        0x4 bsp_xsdk/2014.4/lib/libxil.a(xil_assert.o)
 .bss           0x1c014378        0x0 bsp_xsdk/2014.4/lib/libxil.a(xil_cache.o)
 .bss           0x1c014378        0x0 bsp_xsdk/2014.4/lib/libxil.a(xil_exception.o)
 .bss           0x1c014378        0x0 bsp_xsdk/2014.4/lib/libxil.a(xil_io.o)
 .bss           0x1c014378        0x0 bsp_xsdk/2014.4/lib/libxil.a(xil_mmu.o)
 .bss           0x1c014378        0x0 bsp_xsdk/2014.4/lib/libxil.a(xtime_l.o)
 .bss           0x1c014378        0x0 bsp_xsdk/2014.4/lib/libxil.a(xscugic_g.o)
 .bss           0x1c014378        0x0 bsp_xsdk/2014.4/lib/libxil.a(xscutimer_g.o)
 .bss           0x1c014378        0x0 bsp_xsdk/2014.4/lib/libxil.a(cpu_init.o)
 .bss           0x1c014378        0x0 /opt/Xilinx/SDK/2014.4/gnu/arm/lin/bin/../lib/gcc/arm-xilinx-eabi/4.8.3/../../../../arm-xilinx-eabi/lib/libc.a(lib_a-exit.o)
 .bss           0x1c014378        0x0 /opt/Xilinx/SDK/2014.4/gnu/arm/lin/bin/../lib/gcc/arm-xilinx-eabi/4.8.3/../../../../arm-xilinx-eabi/lib/libc.a(lib_a-fini.o)
 .bss           0x1c014378        0x0 /opt/Xilinx/SDK/2014.4/gnu/arm/lin/bin/../lib/gcc/arm-xilinx-eabi/4.8.3/../../../../arm-xilinx-eabi/lib/libc.a(lib_a-fprintf.o)
 .bss           0x1c014378        0x0 /opt/Xilinx/SDK/2014.4/gnu/arm/lin/bin/../lib/gcc/arm-xilinx-eabi/4.8.3/../../../../arm-xilinx-eabi/lib/libc.a(lib_a-fwrite.o)
 .bss           0x1c014378        0x0 /opt/Xilinx/SDK/2014.4/gnu/arm/lin/bin/../lib/gcc/arm-xilinx-eabi/4.8.3/../../../../arm-xilinx-eabi/lib/libc.a(lib_a-impure.o)
 .bss           0x1c014378        0x0 /opt/Xilinx/SDK/2014.4/gnu/arm/lin/bin/../lib/gcc/arm-xilinx-eabi/4.8.3/../../../../arm-xilinx-eabi/lib/libc.a(lib_a-init.o)
 .bss           0x1c014378        0x0 /opt/Xilinx/SDK/2014.4/gnu/arm/lin/bin/../lib/gcc/arm-xilinx-eabi/4.8.3/../../../../arm-xilinx-eabi/lib/libc.a(lib_a-memcpy.o)
 .bss           0x1c014378        0x0 /opt/Xilinx/SDK/2014.4/gnu/arm/lin/bin/../lib/gcc/arm-xilinx-eabi/4.8.3/../../../../arm-xilinx-eabi/lib/libc.a(lib_a-memset.o)
 .bss           0x1c014378        0x0 /opt/Xilinx/SDK/2014.4/gnu/arm/lin/bin/../lib/gcc/arm-xilinx-eabi/4.8.3/../../../../arm-xilinx-eabi/lib/libc.a(lib_a-printf.o)
 .bss           0x1c014378        0x0 /opt/Xilinx/SDK/2014.4/gnu/arm/lin/bin/../lib/gcc/arm-xilinx-eabi/4.8.3/../../../../arm-xilinx-eabi/lib/libc.a(lib_a-puts.o)
 .bss           0x1c014378        0x0 /opt/Xilinx/SDK/2014.4/gnu/arm/lin/bin/../lib/gcc/arm-xilinx-eabi/4.8.3/../../../../arm-xilinx-eabi/lib/libc.a(lib_a-strcmp.o)
 .bss           0x1c014378        0x0 /opt/Xilinx/SDK/2014.4/gnu/arm/lin/bin/../lib/gcc/arm-xilinx-eabi/4.8.3/../../../../arm-xilinx-eabi/lib/libc.a(lib_a-strlen-armv7.o)
 .bss           0x1c014378        0x0 /opt/Xilinx/SDK/2014.4/gnu/arm/lin/bin/../lib/gcc/arm-xilinx-eabi/4.8.3/../../../../arm-xilinx-eabi/lib/libc.a(lib_a-strncpy.o)
 .bss           0x1c014378        0x0 /opt/Xilinx/SDK/2014.4/gnu/arm/lin/bin/../lib/gcc/arm-xilinx-eabi/4.8.3/../../../../arm-xilinx-eabi/lib/libc.a(lib_a-vfprintf.o)
 .bss           0x1c014378        0x0 /opt/Xilinx/SDK/2014.4/gnu/arm/lin/bin/../lib/gcc/arm-xilinx-eabi/4.8.3/../../../../arm-xilinx-eabi/lib/libc.a(lib_a-wsetup.o)
 .bss           0x1c014378        0x0 /opt/Xilinx/SDK/2014.4/gnu/arm/lin/bin/../lib/gcc/arm-xilinx-eabi/4.8.3/../../../../arm-xilinx-eabi/lib/libc.a(lib_a-__call_atexit.o)
 .bss           0x1c014378        0x0 /opt/Xilinx/SDK/2014.4/gnu/arm/lin/bin/../lib/gcc/arm-xilinx-eabi/4.8.3/../../../../arm-xilinx-eabi/lib/libc.a(lib_a-atexit.o)
 .bss           0x1c014378        0x0 /opt/Xilinx/SDK/2014.4/gnu/arm/lin/bin/../lib/gcc/arm-xilinx-eabi/4.8.3/../../../../arm-xilinx-eabi/lib/libc.a(lib_a-dtoa.o)
 .bss           0x1c014378        0x0 /opt/Xilinx/SDK/2014.4/gnu/arm/lin/bin/../lib/gcc/arm-xilinx-eabi/4.8.3/../../../../arm-xilinx-eabi/lib/libc.a(lib_a-fflush.o)
 .bss           0x1c014378        0x0 /opt/Xilinx/SDK/2014.4/gnu/arm/lin/bin/../lib/gcc/arm-xilinx-eabi/4.8.3/../../../../arm-xilinx-eabi/lib/libc.a(lib_a-findfp.o)
 .bss           0x1c014378        0x0 /opt/Xilinx/SDK/2014.4/gnu/arm/lin/bin/../lib/gcc/arm-xilinx-eabi/4.8.3/../../../../arm-xilinx-eabi/lib/libc.a(lib_a-freer.o)
 .bss           0x1c014378        0x0 /opt/Xilinx/SDK/2014.4/gnu/arm/lin/bin/../lib/gcc/arm-xilinx-eabi/4.8.3/../../../../arm-xilinx-eabi/lib/libc.a(lib_a-fvwrite.o)
 .bss           0x1c014378        0x0 /opt/Xilinx/SDK/2014.4/gnu/arm/lin/bin/../lib/gcc/arm-xilinx-eabi/4.8.3/../../../../arm-xilinx-eabi/lib/libc.a(lib_a-fwalk.o)
 .bss           0x1c014378        0xc /opt/Xilinx/SDK/2014.4/gnu/arm/lin/bin/../lib/gcc/arm-xilinx-eabi/4.8.3/../../../../arm-xilinx-eabi/lib/libc.a(lib_a-locale.o)
                0x1c014378                _PathLocale
                0x1c01437c                __mlocale_changed
                0x1c014380                __nlocale_changed
 .bss           0x1c014384        0x0 /opt/Xilinx/SDK/2014.4/gnu/arm/lin/bin/../lib/gcc/arm-xilinx-eabi/4.8.3/../../../../arm-xilinx-eabi/lib/libc.a(lib_a-makebuf.o)
 .bss           0x1c014384       0x34 /opt/Xilinx/SDK/2014.4/gnu/arm/lin/bin/../lib/gcc/arm-xilinx-eabi/4.8.3/../../../../arm-xilinx-eabi/lib/libc.a(lib_a-mallocr.o)
                0x1c014384                __malloc_top_pad
                0x1c014388                __malloc_current_mallinfo
                0x1c0143b0                __malloc_max_sbrked_mem
                0x1c0143b4                __malloc_max_total_mem
 .bss           0x1c0143b8        0x0 /opt/Xilinx/SDK/2014.4/gnu/arm/lin/bin/../lib/gcc/arm-xilinx-eabi/4.8.3/../../../../arm-xilinx-eabi/lib/libc.a(lib_a-memchr.o)
 .bss           0x1c0143b8        0x0 /opt/Xilinx/SDK/2014.4/gnu/arm/lin/bin/../lib/gcc/arm-xilinx-eabi/4.8.3/../../../../arm-xilinx-eabi/lib/libc.a(lib_a-memmove.o)
 .bss           0x1c0143b8        0x0 /opt/Xilinx/SDK/2014.4/gnu/arm/lin/bin/../lib/gcc/arm-xilinx-eabi/4.8.3/../../../../arm-xilinx-eabi/lib/libc.a(lib_a-mlock.o)
 .bss           0x1c0143b8        0x0 /opt/Xilinx/SDK/2014.4/gnu/arm/lin/bin/../lib/gcc/arm-xilinx-eabi/4.8.3/../../../../arm-xilinx-eabi/lib/libc.a(lib_a-mprec.o)
 .bss           0x1c0143b8        0x0 /opt/Xilinx/SDK/2014.4/gnu/arm/lin/bin/../lib/gcc/arm-xilinx-eabi/4.8.3/../../../../arm-xilinx-eabi/lib/libc.a(lib_a-reallocr.o)
 .bss           0x1c0143b8        0x0 /opt/Xilinx/SDK/2014.4/gnu/arm/lin/bin/../lib/gcc/arm-xilinx-eabi/4.8.3/../../../../arm-xilinx-eabi/lib/libc.a(lib_a-s_fpclassify.o)
 .bss           0x1c0143b8        0x0 /opt/Xilinx/SDK/2014.4/gnu/arm/lin/bin/../lib/gcc/arm-xilinx-eabi/4.8.3/../../../../arm-xilinx-eabi/lib/libc.a(lib_a-sbrkr.o)
 .bss           0x1c0143b8        0x0 /opt/Xilinx/SDK/2014.4/gnu/arm/lin/bin/../lib/gcc/arm-xilinx-eabi/4.8.3/../../../../arm-xilinx-eabi/lib/libc.a(lib_a-stdio.o)
 .bss           0x1c0143b8        0x0 /opt/Xilinx/SDK/2014.4/gnu/arm/lin/bin/../lib/gcc/arm-xilinx-eabi/4.8.3/../../../../arm-xilinx-eabi/lib/libc.a(lib_a-vfiprintf.o)
 .bss           0x1c0143b8        0x0 /opt/Xilinx/SDK/2014.4/gnu/arm/lin/bin/../lib/gcc/arm-xilinx-eabi/4.8.3/../../../../arm-xilinx-eabi/lib/libc.a(lib_a-writer.o)
 .bss           0x1c0143b8        0x0 /opt/Xilinx/SDK/2014.4/gnu/arm/lin/bin/../lib/gcc/arm-xilinx-eabi/4.8.3/../../../../arm-xilinx-eabi/lib/libc.a(lib_a-__atexit.o)
 .bss           0x1c0143b8        0x0 /opt/Xilinx/SDK/2014.4/gnu/arm/lin/bin/../lib/gcc/arm-xilinx-eabi/4.8.3/../../../../arm-xilinx-eabi/lib/libc.a(lib_a-callocr.o)
 .bss           0x1c0143b8        0x0 /opt/Xilinx/SDK/2014.4/gnu/arm/lin/bin/../lib/gcc/arm-xilinx-eabi/4.8.3/../../../../arm-xilinx-eabi/lib/libc.a(lib_a-closer.o)
 .bss           0x1c0143b8        0x0 /opt/Xilinx/SDK/2014.4/gnu/arm/lin/bin/../lib/gcc/arm-xilinx-eabi/4.8.3/../../../../arm-xilinx-eabi/lib/libc.a(lib_a-fclose.o)
 .bss           0x1c0143b8        0x0 /opt/Xilinx/SDK/2014.4/gnu/arm/lin/bin/../lib/gcc/arm-xilinx-eabi/4.8.3/../../../../arm-xilinx-eabi/lib/libc.a(lib_a-fputwc.o)
 .bss           0x1c0143b8        0x0 /opt/Xilinx/SDK/2014.4/gnu/arm/lin/bin/../lib/gcc/arm-xilinx-eabi/4.8.3/../../../../arm-xilinx-eabi/lib/libc.a(lib_a-fstatr.o)
 .bss           0x1c0143b8        0x0 /opt/Xilinx/SDK/2014.4/gnu/arm/lin/bin/../lib/gcc/arm-xilinx-eabi/4.8.3/../../../../arm-xilinx-eabi/lib/libc.a(lib_a-isattyr.o)
 .bss           0x1c0143b8        0x0 /opt/Xilinx/SDK/2014.4/gnu/arm/lin/bin/../lib/gcc/arm-xilinx-eabi/4.8.3/../../../../arm-xilinx-eabi/lib/libc.a(lib_a-lseekr.o)
 .bss           0x1c0143b8        0x0 /opt/Xilinx/SDK/2014.4/gnu/arm/lin/bin/../lib/gcc/arm-xilinx-eabi/4.8.3/../../../../arm-xilinx-eabi/lib/libc.a(lib_a-readr.o)
 .bss           0x1c0143b8        0x0 /opt/Xilinx/SDK/2014.4/gnu/arm/lin/bin/../lib/gcc/arm-xilinx-eabi/4.8.3/../../../../arm-xilinx-eabi/lib/libc.a(lib_a-reent.o)
 .bss           0x1c0143b8        0x0 /opt/Xilinx/SDK/2014.4/gnu/arm/lin/bin/../lib/gcc/arm-xilinx-eabi/4.8.3/../../../../arm-xilinx-eabi/lib/libc.a(lib_a-wbuf.o)
 .bss           0x1c0143b8        0x0 /opt/Xilinx/SDK/2014.4/gnu/arm/lin/bin/../lib/gcc/arm-xilinx-eabi/4.8.3/../../../../arm-xilinx-eabi/lib/libc.a(lib_a-wcrtomb.o)
 .bss           0x1c0143b8        0x0 /opt/Xilinx/SDK/2014.4/gnu/arm/lin/bin/../lib/gcc/arm-xilinx-eabi/4.8.3/../../../../arm-xilinx-eabi/lib/libc.a(lib_a-wctomb_r.o)
 .bss           0x1c0143b8        0x0 /opt/Xilinx/SDK/2014.4/gnu/arm/lin/bin/../lib/gcc/arm-xilinx-eabi/4.8.3/libgcc.a(_udivsi3.o)
 .bss           0x1c0143b8        0x0 /opt/Xilinx/SDK/2014.4/gnu/arm/lin/bin/../lib/gcc/arm-xilinx-eabi/4.8.3/libgcc.a(_dvmd_tls.o)
 .bss           0x1c0143b8        0x0 /opt/Xilinx/SDK/2014.4/gnu/arm/lin/bin/../lib/gcc/arm-xilinx-eabi/4.8.3/libgcc.a(_aeabi_uldivmod.o)
 .bss           0x1c0143b8        0x0 /opt/Xilinx/SDK/2014.4/gnu/arm/lin/bin/../lib/gcc/arm-xilinx-eabi/4.8.3/libgcc.a(bpabi.o)
 .bss           0x1c0143b8        0x0 /opt/Xilinx/SDK/2014.4/gnu/arm/lin/bin/../lib/gcc/arm-xilinx-eabi/4.8.3/libgcc.a(_divdi3.o)
 .bss           0x1c0143b8        0x0 /opt/Xilinx/SDK/2014.4/gnu/arm/lin/bin/../lib/gcc/arm-xilinx-eabi/4.8.3/libgcc.a(_udivdi3.o)
 .bss           0x1c0143b8        0x0 bsp_xsdk/2014.4/lib/libxil.a(_exit.o)
 .bss           0x1c0143b8        0x4 bsp_xsdk/2014.4/lib/libxil.a(_sbrk.o)
 .bss           0x1c0143bc        0x0 bsp_xsdk/2014.4/lib/libxil.a(close.o)
 .bss           0x1c0143bc        0x0 bsp_xsdk/2014.4/lib/libxil.a(fstat.o)
 .bss           0x1c0143bc        0x0 bsp_xsdk/2014.4/lib/libxil.a(isatty.o)
 .bss           0x1c0143bc        0x0 bsp_xsdk/2014.4/lib/libxil.a(lseek.o)
 .bss           0x1c0143bc        0x0 bsp_xsdk/2014.4/lib/libxil.a(read.o)
 .bss           0x1c0143bc        0x0 bsp_xsdk/2014.4/lib/libxil.a(errno.o)
 .bss           0x1c0143bc        0x0 bsp_xsdk/2014.4/lib/libxil.a(inbyte.o)
 .bss           0x1c0143bc        0x0 bsp_xsdk/2014.4/lib/libxil.a(xuartps_hw.o)
 .bss           0x1c0143bc        0x0 /opt/Xilinx/SDK/2014.4/gnu/arm/lin/bin/../lib/gcc/arm-xilinx-eabi/4.8.3/crtend.o
 .bss           0x1c0143bc        0x0 /opt/Xilinx/SDK/2014.4/gnu/arm/lin/bin/../lib/gcc/arm-xilinx-eabi/4.8.3/crtn.o
 *(.bss.*)
 *(.gnu.linkonce.b.*)
 *(COMMON)
 COMMON         0x1c0143bc       0x1c obj/main.o
                0x1c0143bc                IntcInst
                0x1c0143c8                timerInst
 COMMON         0x1c0143d8      0x1f0 obj/config.o
                0x1c0143d8                cfgMsgTxBuf
 COMMON         0x1c0145c8        0x4 bsp_xsdk/2014.4/lib/libxil.a(xil_assert.o)
                0x1c0145c8                Xil_AssertStatus
 COMMON         0x1c0145cc        0x4 /opt/Xilinx/SDK/2014.4/gnu/arm/lin/bin/../lib/gcc/arm-xilinx-eabi/4.8.3/../../../../arm-xilinx-eabi/lib/libc.a(lib_a-reent.o)
                0x1c0145cc                errno
                0x1c0145d0                __bss_end = .
                0x1c014014                _SDA_BASE_ = (__sdata_start + ((__sbss_end - __sdata_start) / 0x2))
                0x1c00e998                _SDA2_BASE_ = (__sdata2_start + ((__sbss2_end - __sdata2_start) / 0x2))

.heap           0x1c0145d0   0x100000
                0x1c0145d0                . = ALIGN (0x10)
 *fill*         0x1c0145d0        0x0 
                0x1c0145d0                _heap = .
                0x1c0145d0                HeapBase = .
                0x1c0145d0                _heap_start = .
                0x1c1145d0                . = (. + _HEAP_SIZE)
 *fill*         0x1c0145d0   0x100000 
                0x1c1145d0                _heap_end = .
                0x1c1145d0                HeapLimit = .

.stack          0x1c1145d0   0x301000
                0x1c1145d0                . = ALIGN (0x10)
                0x1c1145d0                _stack_end = .
                0x1c2145d0                . = (. + _STACK_SIZE)
 *fill*         0x1c1145d0   0x100000 
                0x1c2145d0                . = ALIGN (0x10)
                0x1c2145d0                _stack = .
                0x1c2145d0                __stack = _stack
                0x1c2145d0                . = ALIGN (0x10)
                0x1c2145d0                _irq_stack_end = .
                0x1c3145d0                . = (. + _IRQ_STACK_SIZE)
 *fill*         0x1c2145d0   0x100000 
                0x1c3145d0                . = ALIGN (0x10)
                0x1c3145d0                __irq_stack = .
                0x1c3145d0                _supervisor_stack_end = .
                0x1c314dd0                . = (. + _SUPERVISOR_STACK_SIZE)
 *fill*         0x1c3145d0      0x800 
                0x1c314dd0                . = ALIGN (0x10)
                0x1c314dd0                __supervisor_stack = .
                0x1c314dd0                _abort_stack_end = .
                0x1c3151d0                . = (. + _ABORT_STACK_SIZE)
 *fill*         0x1c314dd0      0x400 
                0x1c3151d0                . = ALIGN (0x10)
                0x1c3151d0                __abort_stack = .
                0x1c3151d0                _fiq_stack_end = .
                0x1c4151d0                . = (. + _FIQ_STACK_SIZE)
 *fill*         0x1c3151d0   0x100000 
                0x1c4151d0                . = ALIGN (0x10)
                0x1c4151d0                __fiq_stack = .
                0x1c4151d0                _undef_stack_end = .
                0x1c4155d0                . = (. + _UNDEF_STACK_SIZE)
 *fill*         0x1c4151d0      0x400 
                0x1c4155d0                . = ALIGN (0x10)
                0x1c4155d0                __undef_stack = .
                0x1c4155d0                _end = .
                0x1c416000                . = ALIGN (0x2000)
                0x1c416000                __trace_buffer_start = .
                0x1c41e000                . = (. + TRACE_BUFFER_SIZE)
                0x1c41e000                __trace_buffer_end = .
                0x1c41e000                __elf_end = .
                0x04000000                __elf_len = 0x4000000
OUTPUT(bm_cfg_mgmt elf32-littlearm)

.debug_info     0x00000000     0x7e78
 .debug_info    0x00000000      0xf5b obj/main.o
 .debug_info    0x00000f5b     0x12c0 obj/remoteproc.o
 .debug_info    0x0000221b      0xb7c obj/virtio_ring.o
 .debug_info    0x00002d97      0x616 obj/config.o
 .debug_info    0x000033ad      0x183 obj/config_vars.o
 .debug_info    0x00003530      0x881 bsp_xsdk/2014.4/lib/libxil.a(xscugic.o)
 .debug_info    0x00003db1      0x1ed bsp_xsdk/2014.4/lib/libxil.a(xscugic_intr.o)
 .debug_info    0x00003f9e      0x1a5 bsp_xsdk/2014.4/lib/libxil.a(xscugic_sinit.o)
 .debug_info    0x00004143      0x3fa bsp_xsdk/2014.4/lib/libxil.a(xscutimer.o)
 .debug_info    0x0000453d      0x13d bsp_xsdk/2014.4/lib/libxil.a(xscutimer_sinit.o)
 .debug_info    0x0000467a       0xa9 bsp_xsdk/2014.4/lib/libxil.a(asm_vectors.o)
 .debug_info    0x00004723       0xa2 bsp_xsdk/2014.4/lib/libxil.a(boot.o)
 .debug_info    0x000047c5       0xca bsp_xsdk/2014.4/lib/libxil.a(usleep.o)
 .debug_info    0x0000488f      0x128 bsp_xsdk/2014.4/lib/libxil.a(vectors.o)
 .debug_info    0x000049b7       0xa6 bsp_xsdk/2014.4/lib/libxil.a(xil-crt0.o)
 .debug_info    0x00004a5d      0x162 bsp_xsdk/2014.4/lib/libxil.a(xil_assert.o)
 .debug_info    0x00004bbf     0x1234 bsp_xsdk/2014.4/lib/libxil.a(xil_cache.o)
 .debug_info    0x00005df3      0x263 bsp_xsdk/2014.4/lib/libxil.a(xil_exception.o)
 .debug_info    0x00006056      0x48f bsp_xsdk/2014.4/lib/libxil.a(xil_io.o)
 .debug_info    0x000064e5      0x1a2 bsp_xsdk/2014.4/lib/libxil.a(xil_mmu.o)
 .debug_info    0x00006687      0x19b bsp_xsdk/2014.4/lib/libxil.a(xtime_l.o)
 .debug_info    0x00006822      0x15e bsp_xsdk/2014.4/lib/libxil.a(xscugic_g.o)
 .debug_info    0x00006980       0xeb bsp_xsdk/2014.4/lib/libxil.a(xscutimer_g.o)
 .debug_info    0x00006a6b       0xa6 bsp_xsdk/2014.4/lib/libxil.a(cpu_init.o)
 .debug_info    0x00006b11       0x99 bsp_xsdk/2014.4/lib/libxil.a(_exit.o)
 .debug_info    0x00006baa       0xee bsp_xsdk/2014.4/lib/libxil.a(_sbrk.o)
 .debug_info    0x00006c98       0x55 bsp_xsdk/2014.4/lib/libxil.a(close.o)
 .debug_info    0x00006ced      0x222 bsp_xsdk/2014.4/lib/libxil.a(fstat.o)
 .debug_info    0x00006f0f       0xc6 bsp_xsdk/2014.4/lib/libxil.a(isatty.o)
 .debug_info    0x00006fd5      0x13f bsp_xsdk/2014.4/lib/libxil.a(lseek.o)
 .debug_info    0x00007114      0x143 bsp_xsdk/2014.4/lib/libxil.a(read.o)
 .debug_info    0x00007257      0x889 bsp_xsdk/2014.4/lib/libxil.a(errno.o)
 .debug_info    0x00007ae0       0xe3 bsp_xsdk/2014.4/lib/libxil.a(inbyte.o)
 .debug_info    0x00007bc3      0x2b5 bsp_xsdk/2014.4/lib/libxil.a(xuartps_hw.o)

.debug_abbrev   0x00000000     0x2338
 .debug_abbrev  0x00000000      0x2dd obj/main.o
 .debug_abbrev  0x000002dd      0x360 obj/remoteproc.o
 .debug_abbrev  0x0000063d      0x214 obj/virtio_ring.o
 .debug_abbrev  0x00000851      0x1bd obj/config.o
 .debug_abbrev  0x00000a0e       0xaa obj/config_vars.o
 .debug_abbrev  0x00000ab8      0x237 bsp_xsdk/2014.4/lib/libxil.a(xscugic.o)
 .debug_abbrev  0x00000cef       0xff bsp_xsdk/2014.4/lib/libxil.a(xscugic_intr.o)
 .debug_abbrev  0x00000dee       0xfe bsp_xsdk/2014.4/lib/libxil.a(xscugic_sinit.o)
 .debug_abbrev  0x00000eec      0x18c bsp_xsdk/2014.4/lib/libxil.a(xscutimer.o)
 .debug_abbrev  0x00001078       0xd1 bsp_xsdk/2014.4/lib/libxil.a(xscutimer_sinit.o)
 .debug_abbrev  0x00001149       0x14 bsp_xsdk/2014.4/lib/libxil.a(asm_vectors.o)
 .debug_abbrev  0x0000115d       0x14 bsp_xsdk/2014.4/lib/libxil.a(boot.o)
 .debug_abbrev  0x00001171       0xb8 bsp_xsdk/2014.4/lib/libxil.a(usleep.o)
 .debug_abbrev  0x00001229       0xaa bsp_xsdk/2014.4/lib/libxil.a(vectors.o)
 .debug_abbrev  0x000012d3       0x14 bsp_xsdk/2014.4/lib/libxil.a(xil-crt0.o)
 .debug_abbrev  0x000012e7       0xcb bsp_xsdk/2014.4/lib/libxil.a(xil_assert.o)
 .debug_abbrev  0x000013b2      0x2d3 bsp_xsdk/2014.4/lib/libxil.a(xil_cache.o)
 .debug_abbrev  0x00001685      0x172 bsp_xsdk/2014.4/lib/libxil.a(xil_exception.o)
 .debug_abbrev  0x000017f7      0x1c7 bsp_xsdk/2014.4/lib/libxil.a(xil_io.o)
 .debug_abbrev  0x000019be       0xcc bsp_xsdk/2014.4/lib/libxil.a(xil_mmu.o)
 .debug_abbrev  0x00001a8a       0xf3 bsp_xsdk/2014.4/lib/libxil.a(xtime_l.o)
 .debug_abbrev  0x00001b7d       0xac bsp_xsdk/2014.4/lib/libxil.a(xscugic_g.o)
 .debug_abbrev  0x00001c29       0x7f bsp_xsdk/2014.4/lib/libxil.a(xscutimer_g.o)
 .debug_abbrev  0x00001ca8       0x14 bsp_xsdk/2014.4/lib/libxil.a(cpu_init.o)
 .debug_abbrev  0x00001cbc       0x51 bsp_xsdk/2014.4/lib/libxil.a(_exit.o)
 .debug_abbrev  0x00001d0d       0x8b bsp_xsdk/2014.4/lib/libxil.a(_sbrk.o)
 .debug_abbrev  0x00001d98       0x4a bsp_xsdk/2014.4/lib/libxil.a(close.o)
 .debug_abbrev  0x00001de2       0xaa bsp_xsdk/2014.4/lib/libxil.a(fstat.o)
 .debug_abbrev  0x00001e8c       0x6f bsp_xsdk/2014.4/lib/libxil.a(isatty.o)
 .debug_abbrev  0x00001efb       0x98 bsp_xsdk/2014.4/lib/libxil.a(lseek.o)
 .debug_abbrev  0x00001f93       0x9a bsp_xsdk/2014.4/lib/libxil.a(read.o)
 .debug_abbrev  0x0000202d      0x18f bsp_xsdk/2014.4/lib/libxil.a(errno.o)
 .debug_abbrev  0x000021bc       0x94 bsp_xsdk/2014.4/lib/libxil.a(inbyte.o)
 .debug_abbrev  0x00002250       0xe8 bsp_xsdk/2014.4/lib/libxil.a(xuartps_hw.o)

.debug_aranges  0x00000000      0x428
 .debug_aranges
                0x00000000       0x20 obj/main.o
 .debug_aranges
                0x00000020       0x20 obj/remoteproc.o
 .debug_aranges
                0x00000040       0x20 obj/virtio_ring.o
 .debug_aranges
                0x00000060       0x20 obj/config.o
 .debug_aranges
                0x00000080       0x18 obj/config_vars.o
 .debug_aranges
                0x00000098       0x20 bsp_xsdk/2014.4/lib/libxil.a(xscugic.o)
 .debug_aranges
                0x000000b8       0x20 bsp_xsdk/2014.4/lib/libxil.a(xscugic_intr.o)
 .debug_aranges
                0x000000d8       0x20 bsp_xsdk/2014.4/lib/libxil.a(xscugic_sinit.o)
 .debug_aranges
                0x000000f8       0x20 bsp_xsdk/2014.4/lib/libxil.a(xscutimer.o)
 .debug_aranges
                0x00000118       0x20 bsp_xsdk/2014.4/lib/libxil.a(xscutimer_sinit.o)
 .debug_aranges
                0x00000138       0x20 bsp_xsdk/2014.4/lib/libxil.a(asm_vectors.o)
 .debug_aranges
                0x00000158       0x20 bsp_xsdk/2014.4/lib/libxil.a(boot.o)
 .debug_aranges
                0x00000178       0x20 bsp_xsdk/2014.4/lib/libxil.a(usleep.o)
 .debug_aranges
                0x00000198       0x20 bsp_xsdk/2014.4/lib/libxil.a(vectors.o)
 .debug_aranges
                0x000001b8       0x20 bsp_xsdk/2014.4/lib/libxil.a(xil-crt0.o)
 .debug_aranges
                0x000001d8       0x20 bsp_xsdk/2014.4/lib/libxil.a(xil_assert.o)
 .debug_aranges
                0x000001f8       0x20 bsp_xsdk/2014.4/lib/libxil.a(xil_cache.o)
 .debug_aranges
                0x00000218       0x20 bsp_xsdk/2014.4/lib/libxil.a(xil_exception.o)
 .debug_aranges
                0x00000238       0x20 bsp_xsdk/2014.4/lib/libxil.a(xil_io.o)
 .debug_aranges
                0x00000258       0x20 bsp_xsdk/2014.4/lib/libxil.a(xil_mmu.o)
 .debug_aranges
                0x00000278       0x20 bsp_xsdk/2014.4/lib/libxil.a(xtime_l.o)
 .debug_aranges
                0x00000298       0x18 bsp_xsdk/2014.4/lib/libxil.a(xscugic_g.o)
 .debug_aranges
                0x000002b0       0x18 bsp_xsdk/2014.4/lib/libxil.a(xscutimer_g.o)
 .debug_aranges
                0x000002c8       0x20 bsp_xsdk/2014.4/lib/libxil.a(cpu_init.o)
 .debug_aranges
                0x000002e8       0x20 bsp_xsdk/2014.4/lib/libxil.a(_exit.o)
 .debug_aranges
                0x00000308       0x20 bsp_xsdk/2014.4/lib/libxil.a(_sbrk.o)
 .debug_aranges
                0x00000328       0x20 bsp_xsdk/2014.4/lib/libxil.a(close.o)
 .debug_aranges
                0x00000348       0x20 bsp_xsdk/2014.4/lib/libxil.a(fstat.o)
 .debug_aranges
                0x00000368       0x20 bsp_xsdk/2014.4/lib/libxil.a(isatty.o)
 .debug_aranges
                0x00000388       0x20 bsp_xsdk/2014.4/lib/libxil.a(lseek.o)
 .debug_aranges
                0x000003a8       0x20 bsp_xsdk/2014.4/lib/libxil.a(read.o)
 .debug_aranges
                0x000003c8       0x20 bsp_xsdk/2014.4/lib/libxil.a(errno.o)
 .debug_aranges
                0x000003e8       0x20 bsp_xsdk/2014.4/lib/libxil.a(inbyte.o)
 .debug_aranges
                0x00000408       0x20 bsp_xsdk/2014.4/lib/libxil.a(xuartps_hw.o)

.debug_line     0x00000000     0x2335
 .debug_line    0x00000000      0x283 obj/main.o
 .debug_line    0x00000283      0x276 obj/remoteproc.o
 .debug_line    0x000004f9      0x1a0 obj/virtio_ring.o
 .debug_line    0x00000699      0x1c8 obj/config.o
 .debug_line    0x00000861       0x85 obj/config_vars.o
 .debug_line    0x000008e6      0x4ae bsp_xsdk/2014.4/lib/libxil.a(xscugic.o)
 .debug_line    0x00000d94      0x113 bsp_xsdk/2014.4/lib/libxil.a(xscugic_intr.o)
 .debug_line    0x00000ea7       0xc9 bsp_xsdk/2014.4/lib/libxil.a(xscugic_sinit.o)
 .debug_line    0x00000f70      0x233 bsp_xsdk/2014.4/lib/libxil.a(xscutimer.o)
 .debug_line    0x000011a3       0xba bsp_xsdk/2014.4/lib/libxil.a(xscutimer_sinit.o)
 .debug_line    0x0000125d       0x7e bsp_xsdk/2014.4/lib/libxil.a(asm_vectors.o)
 .debug_line    0x000012db       0xf0 bsp_xsdk/2014.4/lib/libxil.a(boot.o)
 .debug_line    0x000013cb       0x54 bsp_xsdk/2014.4/lib/libxil.a(usleep.o)
 .debug_line    0x0000141f       0x5e bsp_xsdk/2014.4/lib/libxil.a(vectors.o)
 .debug_line    0x0000147d       0x53 bsp_xsdk/2014.4/lib/libxil.a(xil-crt0.o)
 .debug_line    0x000014d0       0x5b bsp_xsdk/2014.4/lib/libxil.a(xil_assert.o)
 .debug_line    0x0000152b      0x364 bsp_xsdk/2014.4/lib/libxil.a(xil_cache.o)
 .debug_line    0x0000188f       0xc8 bsp_xsdk/2014.4/lib/libxil.a(xil_exception.o)
 .debug_line    0x00001957       0xe1 bsp_xsdk/2014.4/lib/libxil.a(xil_io.o)
 .debug_line    0x00001a38       0xbb bsp_xsdk/2014.4/lib/libxil.a(xil_mmu.o)
 .debug_line    0x00001af3       0xc4 bsp_xsdk/2014.4/lib/libxil.a(xtime_l.o)
 .debug_line    0x00001bb7       0xb3 bsp_xsdk/2014.4/lib/libxil.a(xscugic_g.o)
 .debug_line    0x00001c6a       0xa4 bsp_xsdk/2014.4/lib/libxil.a(xscutimer_g.o)
 .debug_line    0x00001d0e       0x49 bsp_xsdk/2014.4/lib/libxil.a(cpu_init.o)
 .debug_line    0x00001d57       0x82 bsp_xsdk/2014.4/lib/libxil.a(_exit.o)
 .debug_line    0x00001dd9       0x8a bsp_xsdk/2014.4/lib/libxil.a(_sbrk.o)
 .debug_line    0x00001e63       0x38 bsp_xsdk/2014.4/lib/libxil.a(close.o)
 .debug_line    0x00001e9b       0x9b bsp_xsdk/2014.4/lib/libxil.a(fstat.o)
 .debug_line    0x00001f36       0x86 bsp_xsdk/2014.4/lib/libxil.a(isatty.o)
 .debug_line    0x00001fbc       0x9d bsp_xsdk/2014.4/lib/libxil.a(lseek.o)
 .debug_line    0x00002059       0x5d bsp_xsdk/2014.4/lib/libxil.a(read.o)
 .debug_line    0x000020b6       0xf9 bsp_xsdk/2014.4/lib/libxil.a(errno.o)
 .debug_line    0x000021af       0xb0 bsp_xsdk/2014.4/lib/libxil.a(inbyte.o)
 .debug_line    0x0000225f       0xd6 bsp_xsdk/2014.4/lib/libxil.a(xuartps_hw.o)

.debug_str      0x00000000     0x19a5
 .debug_str     0x00000000      0x757 obj/main.o
                                0x800 (size before relaxing)
 .debug_str     0x00000757      0x2c9 obj/remoteproc.o
                                0x98c (size before relaxing)
 .debug_str     0x00000a20       0x85 obj/virtio_ring.o